Archive member included to satisfy reference by file (symbol)

c:/program files (x86)/gnu arm embedded toolchain/10 2020-q4-major/bin/../lib/gcc/arm-none-eabi/10.2.1/../../../../arm-none-eabi/lib/thumb/v7e-m+dp/hard\libc_nano.a(lib_a-exit.o)
                              c:/program files (x86)/gnu arm embedded toolchain/10 2020-q4-major/bin/../lib/gcc/arm-none-eabi/10.2.1/../../../../arm-none-eabi/lib/thumb/v7e-m+dp/hard/crt0.o (exit)
c:/program files (x86)/gnu arm embedded toolchain/10 2020-q4-major/bin/../lib/gcc/arm-none-eabi/10.2.1/../../../../arm-none-eabi/lib/thumb/v7e-m+dp/hard\libc_nano.a(lib_a-impure.o)
                              c:/program files (x86)/gnu arm embedded toolchain/10 2020-q4-major/bin/../lib/gcc/arm-none-eabi/10.2.1/../../../../arm-none-eabi/lib/thumb/v7e-m+dp/hard\libc_nano.a(lib_a-exit.o) (_global_impure_ptr)
c:/program files (x86)/gnu arm embedded toolchain/10 2020-q4-major/bin/../lib/gcc/arm-none-eabi/10.2.1/../../../../arm-none-eabi/lib/thumb/v7e-m+dp/hard\libc_nano.a(lib_a-init.o)
                              c:/program files (x86)/gnu arm embedded toolchain/10 2020-q4-major/bin/../lib/gcc/arm-none-eabi/10.2.1/../../../../arm-none-eabi/lib/thumb/v7e-m+dp/hard/crt0.o (__libc_init_array)
c:/program files (x86)/gnu arm embedded toolchain/10 2020-q4-major/bin/../lib/gcc/arm-none-eabi/10.2.1/../../../../arm-none-eabi/lib/thumb/v7e-m+dp/hard\libc_nano.a(lib_a-memset.o)
                              c:/program files (x86)/gnu arm embedded toolchain/10 2020-q4-major/bin/../lib/gcc/arm-none-eabi/10.2.1/../../../../arm-none-eabi/lib/thumb/v7e-m+dp/hard/crt0.o (memset)
c:/program files (x86)/gnu arm embedded toolchain/10 2020-q4-major/bin/../lib/gcc/arm-none-eabi/10.2.1/../../../../arm-none-eabi/lib/thumb/v7e-m+dp/hard\libc_nano.a(lib_a-sprintf.o)
                              build/main.o (sprintf)
c:/program files (x86)/gnu arm embedded toolchain/10 2020-q4-major/bin/../lib/gcc/arm-none-eabi/10.2.1/../../../../arm-none-eabi/lib/thumb/v7e-m+dp/hard\libc_nano.a(lib_a-strlen.o)
                              build/main.o (strlen)
c:/program files (x86)/gnu arm embedded toolchain/10 2020-q4-major/bin/../lib/gcc/arm-none-eabi/10.2.1/../../../../arm-none-eabi/lib/thumb/v7e-m+dp/hard\libc_nano.a(lib_a-nano-svfprintf.o)
                              c:/program files (x86)/gnu arm embedded toolchain/10 2020-q4-major/bin/../lib/gcc/arm-none-eabi/10.2.1/../../../../arm-none-eabi/lib/thumb/v7e-m+dp/hard\libc_nano.a(lib_a-sprintf.o) (_svfprintf_r)
c:/program files (x86)/gnu arm embedded toolchain/10 2020-q4-major/bin/../lib/gcc/arm-none-eabi/10.2.1/../../../../arm-none-eabi/lib/thumb/v7e-m+dp/hard\libc_nano.a(lib_a-nano-vfprintf_i.o)
                              c:/program files (x86)/gnu arm embedded toolchain/10 2020-q4-major/bin/../lib/gcc/arm-none-eabi/10.2.1/../../../../arm-none-eabi/lib/thumb/v7e-m+dp/hard\libc_nano.a(lib_a-nano-svfprintf.o) (_printf_i)
c:/program files (x86)/gnu arm embedded toolchain/10 2020-q4-major/bin/../lib/gcc/arm-none-eabi/10.2.1/../../../../arm-none-eabi/lib/thumb/v7e-m+dp/hard\libc_nano.a(lib_a-memchr.o)
                              c:/program files (x86)/gnu arm embedded toolchain/10 2020-q4-major/bin/../lib/gcc/arm-none-eabi/10.2.1/../../../../arm-none-eabi/lib/thumb/v7e-m+dp/hard\libc_nano.a(lib_a-nano-svfprintf.o) (memchr)
c:/program files (x86)/gnu arm embedded toolchain/10 2020-q4-major/bin/../lib/gcc/arm-none-eabi/10.2.1/../../../../arm-none-eabi/lib/thumb/v7e-m+dp/hard\libc_nano.a(lib_a-memcpy-stub.o)
                              c:/program files (x86)/gnu arm embedded toolchain/10 2020-q4-major/bin/../lib/gcc/arm-none-eabi/10.2.1/../../../../arm-none-eabi/lib/thumb/v7e-m+dp/hard\libc_nano.a(lib_a-nano-svfprintf.o) (memcpy)
c:/program files (x86)/gnu arm embedded toolchain/10 2020-q4-major/bin/../lib/gcc/arm-none-eabi/10.2.1/../../../../arm-none-eabi/lib/thumb/v7e-m+dp/hard\libc_nano.a(lib_a-memmove.o)
                              c:/program files (x86)/gnu arm embedded toolchain/10 2020-q4-major/bin/../lib/gcc/arm-none-eabi/10.2.1/../../../../arm-none-eabi/lib/thumb/v7e-m+dp/hard\libc_nano.a(lib_a-nano-svfprintf.o) (memmove)
c:/program files (x86)/gnu arm embedded toolchain/10 2020-q4-major/bin/../lib/gcc/arm-none-eabi/10.2.1/../../../../arm-none-eabi/lib/thumb/v7e-m+dp/hard\libc_nano.a(lib_a-nano-freer.o)
                              c:/program files (x86)/gnu arm embedded toolchain/10 2020-q4-major/bin/../lib/gcc/arm-none-eabi/10.2.1/../../../../arm-none-eabi/lib/thumb/v7e-m+dp/hard\libc_nano.a(lib_a-nano-svfprintf.o) (_free_r)
c:/program files (x86)/gnu arm embedded toolchain/10 2020-q4-major/bin/../lib/gcc/arm-none-eabi/10.2.1/../../../../arm-none-eabi/lib/thumb/v7e-m+dp/hard\libc_nano.a(lib_a-nano-mallocr.o)
                              c:/program files (x86)/gnu arm embedded toolchain/10 2020-q4-major/bin/../lib/gcc/arm-none-eabi/10.2.1/../../../../arm-none-eabi/lib/thumb/v7e-m+dp/hard\libc_nano.a(lib_a-nano-svfprintf.o) (_malloc_r)
[...]
Memory Configuration

Name             Origin             Length             Attributes
RAM              0x20000000         0x00080000         xrw
FLASH            0x08000000         0x00200000         xr
*default*        0x00000000         0xffffffff

Linker script and memory map

LOAD c:/program files (x86)/gnu arm embedded toolchain/10 2020-q4-major/bin/../lib/gcc/arm-none-eabi/10.2.1/thumb/v7e-m+dp/hard/crti.o
LOAD c:/program files (x86)/gnu arm embedded toolchain/10 2020-q4-major/bin/../lib/gcc/arm-none-eabi/10.2.1/thumb/v7e-m+dp/hard/crtbegin.o
LOAD c:/program files (x86)/gnu arm embedded toolchain/10 2020-q4-major/bin/../lib/gcc/arm-none-eabi/10.2.1/../../../../arm-none-eabi/lib/thumb/v7e-m+dp/hard/crt0.o
LOAD build/main.o
LOAD build/stm32f7xx_it.o
LOAD build/stm32f7xx_hal_msp.o
LOAD build/stm32f7xx_hal_cortex.o
LOAD build/stm32f7xx_hal_i2c.o
LOAD build/stm32f7xx_hal_i2c_ex.o
LOAD build/stm32f7xx_hal_rcc.o
LOAD build/stm32f7xx_hal_rcc_ex.o
LOAD build/stm32f7xx_hal_flash.o
LOAD build/stm32f7xx_hal_flash_ex.o
LOAD build/stm32f7xx_hal_gpio.o
LOAD build/stm32f7xx_hal_dma.o
LOAD build/stm32f7xx_hal_dma_ex.o
LOAD build/stm32f7xx_hal_pwr.o
LOAD build/stm32f7xx_hal_pwr_ex.o
LOAD build/stm32f7xx_hal.o
LOAD build/stm32f7xx_hal_exti.o
LOAD build/stm32f7xx_ll_rcc.o
LOAD build/stm32f7xx_ll_utils.o
LOAD build/stm32f7xx_ll_exti.o
LOAD build/stm32f7xx_hal_tim.o
LOAD build/stm32f7xx_hal_tim_ex.o
LOAD build/stm32f7xx_ll_tim.o
LOAD build/stm32f7xx_ll_gpio.o
LOAD build/stm32f7xx_ll_dma.o
LOAD build/stm32f7xx_hal_uart.o
LOAD build/stm32f7xx_hal_uart_ex.o
LOAD build/system_stm32f7xx.o
LOAD build/startup_stm32f767xx.o
LOAD c:/program files (x86)/gnu arm embedded toolchain/10 2020-q4-major/bin/../lib/gcc/arm-none-eabi/10.2.1/../../../../arm-none-eabi/lib/thumb/v7e-m+dp/hard\libc_nano.a
LOAD c:/program files (x86)/gnu arm embedded toolchain/10 2020-q4-major/bin/../lib/gcc/arm-none-eabi/10.2.1/../../../../arm-none-eabi/lib/thumb/v7e-m+dp/hard\libm.a
LOAD c:/program files (x86)/gnu arm embedded toolchain/10 2020-q4-major/bin/../lib/gcc/arm-none-eabi/10.2.1/../../../../arm-none-eabi/lib/thumb/v7e-m+dp/hard\libnosys.a
START GROUP
LOAD c:/program files (x86)/gnu arm embedded toolchain/10 2020-q4-major/bin/../lib/gcc/arm-none-eabi/10.2.1/thumb/v7e-m+dp/hard\libgcc.a
LOAD c:/program files (x86)/gnu arm embedded toolchain/10 2020-q4-major/bin/../lib/gcc/arm-none-eabi/10.2.1/../../../../arm-none-eabi/lib/thumb/v7e-m+dp/hard\libc_nano.a
END GROUP
START GROUP
LOAD c:/program files (x86)/gnu arm embedded toolchain/10 2020-q4-major/bin/../lib/gcc/arm-none-eabi/10.2.1/thumb/v7e-m+dp/hard\libgcc.a
LOAD c:/program files (x86)/gnu arm embedded toolchain/10 2020-q4-major/bin/../lib/gcc/arm-none-eabi/10.2.1/../../../../arm-none-eabi/lib/thumb/v7e-m+dp/hard\libc_nano.a
END GROUP
LOAD c:/program files (x86)/gnu arm embedded toolchain/10 2020-q4-major/bin/../lib/gcc/arm-none-eabi/10.2.1/thumb/v7e-m+dp/hard/crtend.o
LOAD c:/program files (x86)/gnu arm embedded toolchain/10 2020-q4-major/bin/../lib/gcc/arm-none-eabi/10.2.1/thumb/v7e-m+dp/hard/crtn.o
                0x20080000                _estack = 0x20080000
                0x00000200                _Min_Heap_Size = 0x200
                0x00000400                _Min_Stack_Size = 0x400

.isr_vector     0x08000000      0x1f8
                0x08000000                . = ALIGN (0x4)
 *(.isr_vector)
 .isr_vector    0x08000000      0x1f8 build/startup_stm32f767xx.o
                0x08000000                g_pfnVectors
                0x080001f8                . = ALIGN (0x4)

.text           0x08000200     0x39f0
                0x08000200                . = ALIGN (0x4)
 *(.text)
 .text          0x08000200       0x40 c:/program files (x86)/gnu arm embedded toolchain/10 2020-q4-major/bin/../lib/gcc/arm-none-eabi/10.2.1/thumb/v7e-m+dp/hard/crtbegin.o
 .text          0x08000240       0x10 c:/program files (x86)/gnu arm embedded toolchain/10 2020-q4-major/bin/../lib/gcc/arm-none-eabi/10.2.1/../../../../arm-none-eabi/lib/thumb/v7e-m+dp/hard\libc_nano.a(lib_a-strlen.o)
                0x08000240                strlen
 .text          0x08000250       0xa0 c:/program files (x86)/gnu arm embedded toolchain/10 2020-q4-major/bin/../lib/gcc/arm-none-eabi/10.2.1/../../../../arm-none-eabi/lib/thumb/v7e-m+dp/hard\libc_nano.a(lib_a-memchr.o)
                0x08000250                memchr
 .text          0x080002f0       0x30 c:/program files (x86)/gnu arm embedded toolchain/10 2020-q4-major/bin/../lib/gcc/arm-none-eabi/10.2.1/thumb/v7e-m+dp/hard\libgcc.a(_aeabi_uldivmod.o)
                0x080002f0                __aeabi_uldivmod
 .text          0x08000320      0x2d0 c:/program files (x86)/gnu arm embedded toolchain/10 2020-q4-major/bin/../lib/gcc/arm-none-eabi/10.2.1/thumb/v7e-m+dp/hard\libgcc.a(_udivmoddi4.o)
                0x08000320                __udivmoddi4
 .text          0x080005f0        0x4 c:/program files (x86)/gnu arm embedded toolchain/10 2020-q4-major/bin/../lib/gcc/arm-none-eabi/10.2.1/thumb/v7e-m+dp/hard\libgcc.a(_dvmd_tls.o)
                0x080005f0                __aeabi_idiv0
                0x080005f0                __aeabi_ldiv0
 *(.text*)
 .text.MX_GPIO_Init
                0x080005f4       0x88 build/main.o
 .text.MX_DMA_Init
                0x0800067c       0x34 build/main.o
 .text.MX_I2C4_Init
                0x080006b0       0x44 build/main.o
 .text.MX_TIM1_Init
                0x080006f4       0x74 build/main.o
 .text.MX_TIM2_Init
                0x08000768       0x54 build/main.o
 .text.MX_UART4_Init
                0x080007bc       0x30 build/main.o
 .text.MX_UART7_Init
                0x080007ec       0x40 build/main.o
 .text.SystemClock_Config
                0x0800082c       0xb4 build/main.o
                0x0800082c                SystemClock_Config
 .text.main     0x080008e0       0x8c build/main.o
                0x080008e0                main
 .text.HAL_TIM_PeriodElapsedCallback
                0x0800096c       0xe0 build/main.o
                0x0800096c                HAL_TIM_PeriodElapsedCallback
 .text.HAL_UART_RxCpltCallback
                0x08000a4c       0xd4 build/main.o
                0x08000a4c                HAL_UART_RxCpltCallback
 .text.Error_Handler
                0x08000b20        0x2 build/main.o
                0x08000b20                Error_Handler
 .text.NMI_Handler
                0x08000b22        0x2 build/stm32f7xx_it.o
                0x08000b22                NMI_Handler
 .text.HardFault_Handler
                0x08000b24        0x2 build/stm32f7xx_it.o
                0x08000b24                HardFault_Handler
 .text.MemManage_Handler
                0x08000b26        0x2 build/stm32f7xx_it.o
                0x08000b26                MemManage_Handler
 .text.BusFault_Handler
                0x08000b28        0x2 build/stm32f7xx_it.o
                0x08000b28                BusFault_Handler
 .text.UsageFault_Handler
                0x08000b2a        0x2 build/stm32f7xx_it.o
                0x08000b2a                UsageFault_Handler
 .text.SVC_Handler
                0x08000b2c        0x2 build/stm32f7xx_it.o
                0x08000b2c                SVC_Handler
 .text.DebugMon_Handler
                0x08000b2e        0x2 build/stm32f7xx_it.o
                0x08000b2e                DebugMon_Handler
 .text.PendSV_Handler
                0x08000b30        0x2 build/stm32f7xx_it.o
                0x08000b30                PendSV_Handler
 .text.SysTick_Handler
                0x08000b32        0x8 build/stm32f7xx_it.o
                0x08000b32                SysTick_Handler
 *fill*         0x08000b3a        0x2 
 .text.DMA1_Stream3_IRQHandler
                0x08000b3c       0x10 build/stm32f7xx_it.o
                0x08000b3c                DMA1_Stream3_IRQHandler
 .text.TIM2_IRQHandler
                0x08000b4c       0x10 build/stm32f7xx_it.o
                0x08000b4c                TIM2_IRQHandler
 .text.UART7_IRQHandler
                0x08000b5c       0x10 build/stm32f7xx_it.o
                0x08000b5c                UART7_IRQHandler
 .text.HAL_MspInit
                0x08000b6c       0x30 build/stm32f7xx_hal_msp.o
                0x08000b6c                HAL_MspInit
 .text.HAL_I2C_MspInit
                0x08000b9c       0x6c build/stm32f7xx_hal_msp.o
                0x08000b9c                HAL_I2C_MspInit
 .text.HAL_TIM_Base_MspInit
                0x08000c08       0x3a build/stm32f7xx_hal_msp.o
                0x08000c08                HAL_TIM_Base_MspInit
 *fill*         0x08000c42        0x2 
 .text.HAL_UART_MspInit
                0x08000c44      0x10c build/stm32f7xx_hal_msp.o
                0x08000c44                HAL_UART_MspInit
 .text.HAL_NVIC_SetPriorityGrouping
                0x08000d50       0x24 build/stm32f7xx_hal_cortex.o
                0x08000d50                HAL_NVIC_SetPriorityGrouping
 .text.HAL_NVIC_SetPriority
                0x08000d74       0x6c build/stm32f7xx_hal_cortex.o
                0x08000d74                HAL_NVIC_SetPriority
 .text.HAL_NVIC_EnableIRQ
                0x08000de0       0x1c build/stm32f7xx_hal_cortex.o
                0x08000de0                HAL_NVIC_EnableIRQ
 .text.HAL_SYSTICK_Config
                0x08000dfc       0x28 build/stm32f7xx_hal_cortex.o
                0x08000dfc                HAL_SYSTICK_Config
 .text.HAL_I2C_Init
                0x08000e24       0xbc build/stm32f7xx_hal_i2c.o
                0x08000e24                HAL_I2C_Init
 .text.HAL_I2CEx_ConfigAnalogFilter
                0x08000ee0       0x5c build/stm32f7xx_hal_i2c_ex.o
                0x08000ee0                HAL_I2CEx_ConfigAnalogFilter
 .text.HAL_I2CEx_ConfigDigitalFilter
                0x08000f3c       0x58 build/stm32f7xx_hal_i2c_ex.o
                0x08000f3c                HAL_I2CEx_ConfigDigitalFilter
 .text.HAL_RCC_OscConfig
                0x08000f94      0x3d4 build/stm32f7xx_hal_rcc.o
                0x08000f94                HAL_RCC_OscConfig
 .text.HAL_RCC_GetSysClockFreq
                0x08001368       0xc8 build/stm32f7xx_hal_rcc.o
                0x08001368                HAL_RCC_GetSysClockFreq
 .text.HAL_RCC_ClockConfig
                0x08001430      0x164 build/stm32f7xx_hal_rcc.o
                0x08001430                HAL_RCC_ClockConfig
 .text.HAL_RCC_GetHCLKFreq
                0x08001594        0xc build/stm32f7xx_hal_rcc.o
                0x08001594                HAL_RCC_GetHCLKFreq
 .text.HAL_RCC_GetPCLK1Freq
                0x080015a0       0x20 build/stm32f7xx_hal_rcc.o
                0x080015a0                HAL_RCC_GetPCLK1Freq
 .text.HAL_RCC_GetPCLK2Freq
                0x080015c0       0x20 build/stm32f7xx_hal_rcc.o
                0x080015c0                HAL_RCC_GetPCLK2Freq
 .text.HAL_RCCEx_PeriphCLKConfig
                0x080015e0      0x604 build/stm32f7xx_hal_rcc_ex.o
                0x080015e0                HAL_RCCEx_PeriphCLKConfig
 .text.HAL_GPIO_Init
                0x08001be4      0x1e0 build/stm32f7xx_hal_gpio.o
                0x08001be4                HAL_GPIO_Init
 .text.HAL_GPIO_WritePin
                0x08001dc4        0xc build/stm32f7xx_hal_gpio.o
                0x08001dc4                HAL_GPIO_WritePin
 .text.HAL_GPIO_TogglePin
                0x08001dd0       0x12 build/stm32f7xx_hal_gpio.o
                0x08001dd0                HAL_GPIO_TogglePin
 .text.DMA_SetConfig
                0x08001de2       0x2c build/stm32f7xx_hal_dma.o
 *fill*         0x08001e0e        0x2 
 .text.DMA_CalcBaseAndBitshift
                0x08001e10       0x40 build/stm32f7xx_hal_dma.o
 .text.DMA_CheckFifoParam
                0x08001e50       0x8e build/stm32f7xx_hal_dma.o
 *fill*         0x08001ede        0x2 
 .text.HAL_DMA_Init
                0x08001ee0       0xcc build/stm32f7xx_hal_dma.o
                0x08001ee0                HAL_DMA_Init
 .text.HAL_DMA_Start_IT
                0x08001fac       0x74 build/stm32f7xx_hal_dma.o
                0x08001fac                HAL_DMA_Start_IT
 .text.HAL_DMA_Abort_IT
                0x08002020       0x26 build/stm32f7xx_hal_dma.o
                0x08002020                HAL_DMA_Abort_IT
 *fill*         0x08002046        0x2 
 .text.HAL_DMA_IRQHandler
                0x08002048      0x1dc build/stm32f7xx_hal_dma.o
                0x08002048                HAL_DMA_IRQHandler
 .text.HAL_PWREx_EnableOverDrive
                0x08002224       0x7c build/stm32f7xx_hal_pwr_ex.o
                0x08002224                HAL_PWREx_EnableOverDrive
 .text.HAL_InitTick
                0x080022a0       0x4c build/stm32f7xx_hal.o
                0x080022a0                HAL_InitTick
 .text.HAL_Init
                0x080022ec       0x16 build/stm32f7xx_hal.o
                0x080022ec                HAL_Init
 *fill*         0x08002302        0x2 
 .text.HAL_IncTick
                0x08002304       0x18 build/stm32f7xx_hal.o
                0x08002304                HAL_IncTick
 .text.HAL_GetTick
                0x0800231c        0xc build/stm32f7xx_hal.o
                0x0800231c                HAL_GetTick
 .text.HAL_Delay
                0x08002328       0x28 build/stm32f7xx_hal.o
                0x08002328                HAL_Delay
 .text.TIM_TI1_ConfigInputStage
                0x08002350       0x26 build/stm32f7xx_hal_tim.o
 .text.TIM_TI2_ConfigInputStage
                0x08002376       0x28 build/stm32f7xx_hal_tim.o
 .text.TIM_ITRx_SetConfig
                0x0800239e       0x10 build/stm32f7xx_hal_tim.o
 *fill*         0x080023ae        0x2 
 .text.HAL_TIM_Base_Start_IT
                0x080023b0       0x2c build/stm32f7xx_hal_tim.o
                0x080023b0                HAL_TIM_Base_Start_IT
 .text.HAL_TIM_OC_DelayElapsedCallback
                0x080023dc        0x2 build/stm32f7xx_hal_tim.o
                0x080023dc                HAL_TIM_OC_DelayElapsedCallback
 .text.HAL_TIM_IC_CaptureCallback
                0x080023de        0x2 build/stm32f7xx_hal_tim.o
                0x080023de                HAL_TIM_IC_CaptureCallback
 .text.HAL_TIM_PWM_PulseFinishedCallback
                0x080023e0        0x2 build/stm32f7xx_hal_tim.o
                0x080023e0                HAL_TIM_PWM_PulseFinishedCallback
 .text.HAL_TIM_TriggerCallback
                0x080023e2        0x2 build/stm32f7xx_hal_tim.o
                0x080023e2                HAL_TIM_TriggerCallback
 .text.HAL_TIM_IRQHandler
                0x080023e4      0x19a build/stm32f7xx_hal_tim.o
                0x080023e4                HAL_TIM_IRQHandler
 *fill*         0x0800257e        0x2 
 .text.TIM_Base_SetConfig
                0x08002580      0x110 build/stm32f7xx_hal_tim.o
                0x08002580                TIM_Base_SetConfig
 .text.HAL_TIM_Base_Init
                0x08002690       0x34 build/stm32f7xx_hal_tim.o
                0x08002690                HAL_TIM_Base_Init
 .text.TIM_ETR_SetConfig
                0x080026c4       0x1a build/stm32f7xx_hal_tim.o
                0x080026c4                TIM_ETR_SetConfig
 *fill*         0x080026de        0x2 
 .text.HAL_TIM_ConfigClockSource
                0x080026e0       0xdc build/stm32f7xx_hal_tim.o
                0x080026e0                HAL_TIM_ConfigClockSource
 .text.HAL_TIMEx_MasterConfigSynchronization
                0x080027bc       0x68 build/stm32f7xx_hal_tim_ex.o
                0x080027bc                HAL_TIMEx_MasterConfigSynchronization
 .text.HAL_TIMEx_CommutCallback
                0x08002824        0x2 build/stm32f7xx_hal_tim_ex.o
                0x08002824                HAL_TIMEx_CommutCallback
 .text.HAL_TIMEx_BreakCallback
                0x08002826        0x2 build/stm32f7xx_hal_tim_ex.o
                0x08002826                HAL_TIMEx_BreakCallback
 .text.HAL_TIMEx_Break2Callback
                0x08002828        0x2 build/stm32f7xx_hal_tim_ex.o
                0x08002828                HAL_TIMEx_Break2Callback
 *fill*         0x0800282a        0x2 
 .text.LL_TIM_Init
                0x0800282c      0x110 build/stm32f7xx_ll_tim.o
                0x0800282c                LL_TIM_Init
 .text.UART_EndTxTransfer
                0x0800293c       0x10 build/stm32f7xx_hal_uart.o
 .text.UART_EndRxTransfer
                0x0800294c       0x1e build/stm32f7xx_hal_uart.o
 *fill*         0x0800296a        0x2 
 .text.HAL_UART_Receive_DMA
                0x0800296c       0xa8 build/stm32f7xx_hal_uart.o
                0x0800296c                HAL_UART_Receive_DMA
 .text.HAL_UART_TxCpltCallback
                0x08002a14        0x2 build/stm32f7xx_hal_uart.o
                0x08002a14                HAL_UART_TxCpltCallback
 .text.UART_EndTransmit_IT
                0x08002a16       0x1a build/stm32f7xx_hal_uart.o
 .text.UART_DMAReceiveCplt
                0x08002a30       0x3c build/stm32f7xx_hal_uart.o
 .text.HAL_UART_RxHalfCpltCallback
                0x08002a6c        0x2 build/stm32f7xx_hal_uart.o
                0x08002a6c                HAL_UART_RxHalfCpltCallback
 .text.UART_DMARxHalfCplt
                0x08002a6e        0xa build/stm32f7xx_hal_uart.o
 .text.HAL_UART_ErrorCallback
                0x08002a78        0x2 build/stm32f7xx_hal_uart.o
                0x08002a78                HAL_UART_ErrorCallback
 .text.UART_DMAError
                0x08002a7a       0x50 build/stm32f7xx_hal_uart.o
 *fill*         0x08002aca        0x2 
 .text.HAL_UART_IRQHandler
                0x08002acc      0x140 build/stm32f7xx_hal_uart.o
                0x08002acc                HAL_UART_IRQHandler
 .text.UART_DMAAbortOnError
                0x08002c0c       0x14 build/stm32f7xx_hal_uart.o
 .text.UART_SetConfig
                0x08002c20      0x3a0 build/stm32f7xx_hal_uart.o
                0x08002c20                UART_SetConfig
 .text.UART_AdvFeatureConfig
                0x08002fc0       0xca build/stm32f7xx_hal_uart.o
                0x08002fc0                UART_AdvFeatureConfig
 .text.UART_WaitOnFlagUntilTimeout
                0x0800308a       0x68 build/stm32f7xx_hal_uart.o
                0x0800308a                UART_WaitOnFlagUntilTimeout
 .text.HAL_UART_Transmit
                0x080030f2       0xd2 build/stm32f7xx_hal_uart.o
                0x080030f2                HAL_UART_Transmit
 .text.UART_CheckIdleState
                0x080031c4       0x44 build/stm32f7xx_hal_uart.o
                0x080031c4                UART_CheckIdleState
 .text.HAL_UART_Init
                0x08003208       0x62 build/stm32f7xx_hal_uart.o
                0x08003208                HAL_UART_Init
 *fill*         0x0800326a        0x2 
 .text.SystemInit
                0x0800326c       0x50 build/system_stm32f7xx.o
                0x0800326c                SystemInit
 .text.Reset_Handler
                0x080032bc       0x50 build/startup_stm32f767xx.o
                0x080032bc                Reset_Handler
 .text.Default_Handler
                0x0800330c        0x2 build/startup_stm32f767xx.o
                0x0800330c                RTC_Alarm_IRQHandler
                0x0800330c                EXTI2_IRQHandler
                0x0800330c                TIM8_CC_IRQHandler
                0x0800330c                UART8_IRQHandler
                0x0800330c                SPI4_IRQHandler
                0x0800330c                TIM1_CC_IRQHandler
                0x0800330c                DMA2_Stream5_IRQHandler
                0x0800330c                JPEG_IRQHandler
                0x0800330c                DMA1_Stream5_IRQHandler
                0x0800330c                CAN3_RX1_IRQHandler
                0x0800330c                PVD_IRQHandler
                0x0800330c                TAMP_STAMP_IRQHandler
                0x0800330c                CAN2_RX1_IRQHandler
                0x0800330c                EXTI3_IRQHandler
                0x0800330c                TIM8_TRG_COM_TIM14_IRQHandler
                0x0800330c                DFSDM1_FLT1_IRQHandler
                0x0800330c                TIM1_UP_TIM10_IRQHandler
                0x0800330c                TIM8_UP_TIM13_IRQHandler
                0x0800330c                I2C3_ER_IRQHandler
                0x0800330c                DFSDM1_FLT2_IRQHandler
                0x0800330c                EXTI0_IRQHandler
                0x0800330c                I2C2_EV_IRQHandler
                0x0800330c                DMA1_Stream2_IRQHandler
                0x0800330c                CAN1_RX0_IRQHandler
                0x0800330c                FPU_IRQHandler
                0x0800330c                OTG_HS_WKUP_IRQHandler
                0x0800330c                CAN3_SCE_IRQHandler
                0x0800330c                LTDC_ER_IRQHandler
                0x0800330c                CAN2_SCE_IRQHandler
                0x0800330c                DMA2_Stream2_IRQHandler
                0x0800330c                SPI1_IRQHandler
                0x0800330c                TIM6_DAC_IRQHandler
                0x0800330c                TIM1_BRK_TIM9_IRQHandler
                0x0800330c                DCMI_IRQHandler
                0x0800330c                CAN2_RX0_IRQHandler
                0x0800330c                DMA2_Stream3_IRQHandler
                0x0800330c                SAI2_IRQHandler
                0x0800330c                DFSDM1_FLT3_IRQHandler
                0x0800330c                USART6_IRQHandler
                0x0800330c                CAN3_RX0_IRQHandler
                0x0800330c                USART3_IRQHandler
                0x0800330c                CAN1_RX1_IRQHandler
                0x0800330c                UART5_IRQHandler
                0x0800330c                DMA2_Stream0_IRQHandler
                0x0800330c                TIM4_IRQHandler
                0x0800330c                QUADSPI_IRQHandler
                0x0800330c                I2C1_EV_IRQHandler
                0x0800330c                DMA1_Stream6_IRQHandler
                0x0800330c                DMA1_Stream1_IRQHandler
                0x0800330c                UART4_IRQHandler
                0x0800330c                TIM3_IRQHandler
                0x0800330c                RCC_IRQHandler
                0x0800330c                TIM8_BRK_TIM12_IRQHandler
                0x0800330c                Default_Handler
                0x0800330c                CEC_IRQHandler
                0x0800330c                EXTI15_10_IRQHandler
                0x0800330c                ADC_IRQHandler
                0x0800330c                DMA1_Stream7_IRQHandler
                0x0800330c                SPI5_IRQHandler
                0x0800330c                TIM7_IRQHandler
                0x0800330c                SDMMC1_IRQHandler
                0x0800330c                CAN2_TX_IRQHandler
                0x0800330c                TIM5_IRQHandler
                0x0800330c                DMA2_Stream7_IRQHandler
                0x0800330c                I2C3_EV_IRQHandler
                0x0800330c                EXTI9_5_IRQHandler
                0x0800330c                RTC_WKUP_IRQHandler
                0x0800330c                LTDC_IRQHandler
                0x0800330c                ETH_WKUP_IRQHandler
                0x0800330c                SPDIF_RX_IRQHandler
                0x0800330c                SPI2_IRQHandler
                0x0800330c                OTG_HS_EP1_IN_IRQHandler
                0x0800330c                DMA1_Stream0_IRQHandler
                0x0800330c                CAN1_TX_IRQHandler
                0x0800330c                EXTI4_IRQHandler
                0x0800330c                RNG_IRQHandler
                0x0800330c                ETH_IRQHandler
                0x0800330c                OTG_HS_EP1_OUT_IRQHandler
                0x0800330c                WWDG_IRQHandler
                0x0800330c                SPI6_IRQHandler
                0x0800330c                MDIOS_IRQHandler
                0x0800330c                I2C4_EV_IRQHandler
                0x0800330c                CAN3_TX_IRQHandler
                0x0800330c                OTG_FS_WKUP_IRQHandler
                0x0800330c                TIM1_TRG_COM_TIM11_IRQHandler
                0x0800330c                OTG_HS_IRQHandler
                0x0800330c                DMA2D_IRQHandler
                0x0800330c                EXTI1_IRQHandler
                0x0800330c                SDMMC2_IRQHandler
                0x0800330c                USART2_IRQHandler
                0x0800330c                DFSDM1_FLT0_IRQHandler
                0x0800330c                I2C2_ER_IRQHandler
                0x0800330c                DMA2_Stream1_IRQHandler
                0x0800330c                CAN1_SCE_IRQHandler
                0x0800330c                FLASH_IRQHandler
                0x0800330c                DMA2_Stream4_IRQHandler
                0x0800330c                USART1_IRQHandler
                0x0800330c                OTG_FS_IRQHandler
                0x0800330c                SPI3_IRQHandler
                0x0800330c                DMA1_Stream4_IRQHandler
                0x0800330c                I2C1_ER_IRQHandler
                0x0800330c                FMC_IRQHandler
                0x0800330c                LPTIM1_IRQHandler
                0x0800330c                I2C4_ER_IRQHandler
                0x0800330c                DMA2_Stream6_IRQHandler
                0x0800330c                SAI1_IRQHandler
 *fill*         0x0800330e        0x2 
 .text.__libc_init_array
                0x08003310       0x48 c:/program files (x86)/gnu arm embedded toolchain/10 2020-q4-major/bin/../lib/gcc/arm-none-eabi/10.2.1/../../../../arm-none-eabi/lib/thumb/v7e-m+dp/hard\libc_nano.a(lib_a-init.o)
                0x08003310                __libc_init_array
 .text.memset   0x08003358       0x10 c:/program files (x86)/gnu arm embedded toolchain/10 2020-q4-major/bin/../lib/gcc/arm-none-eabi/10.2.1/../../../../arm-none-eabi/lib/thumb/v7e-m+dp/hard\libc_nano.a(lib_a-memset.o)
                0x08003358                memset
 .text.sprintf  0x08003368       0x40 c:/program files (x86)/gnu arm embedded toolchain/10 2020-q4-major/bin/../lib/gcc/arm-none-eabi/10.2.1/../../../../arm-none-eabi/lib/thumb/v7e-m+dp/hard\libc_nano.a(lib_a-sprintf.o)
                0x08003368                siprintf
                0x08003368                sprintf
 .text.__ssputs_r
                0x080033a8       0xb6 c:/program files (x86)/gnu arm embedded toolchain/10 2020-q4-major/bin/../lib/gcc/arm-none-eabi/10.2.1/../../../../arm-none-eabi/lib/thumb/v7e-m+dp/hard\libc_nano.a(lib_a-nano-svfprintf.o)
                0x080033a8                __ssputs_r
 *fill*         0x0800345e        0x2 
 .text._svfprintf_r
                0x08003460      0x200 c:/program files (x86)/gnu arm embedded toolchain/10 2020-q4-major/bin/../lib/gcc/arm-none-eabi/10.2.1/../../../../arm-none-eabi/lib/thumb/v7e-m+dp/hard\libc_nano.a(lib_a-nano-svfprintf.o)
                0x08003460                _svfiprintf_r
                0x08003460                _svfprintf_r
 .text._printf_common
                0x08003660       0xda c:/program files (x86)/gnu arm embedded toolchain/10 2020-q4-major/bin/../lib/gcc/arm-none-eabi/10.2.1/../../../../arm-none-eabi/lib/thumb/v7e-m+dp/hard\libc_nano.a(lib_a-nano-vfprintf_i.o)
                0x08003660                _printf_common
 *fill*         0x0800373a        0x2 
 .text._printf_i
                0x0800373c      0x24c c:/program files (x86)/gnu arm embedded toolchain/10 2020-q4-major/bin/../lib/gcc/arm-none-eabi/10.2.1/../../../../arm-none-eabi/lib/thumb/v7e-m+dp/hard\libc_nano.a(lib_a-nano-vfprintf_i.o)
                0x0800373c                _printf_i
 .text.memcpy   0x08003988       0x1c c:/program files (x86)/gnu arm embedded toolchain/10 2020-q4-major/bin/../lib/gcc/arm-none-eabi/10.2.1/../../../../arm-none-eabi/lib/thumb/v7e-m+dp/hard\libc_nano.a(lib_a-memcpy-stub.o)
                0x08003988                memcpy
 .text.memmove  0x080039a4       0x34 c:/program files (x86)/gnu arm embedded toolchain/10 2020-q4-major/bin/../lib/gcc/arm-none-eabi/10.2.1/../../../../arm-none-eabi/lib/thumb/v7e-m+dp/hard\libc_nano.a(lib_a-memmove.o)
                0x080039a4                memmove
 .text._free_r  0x080039d8       0x98 c:/program files (x86)/gnu arm embedded toolchain/10 2020-q4-major/bin/../lib/gcc/arm-none-eabi/10.2.1/../../../../arm-none-eabi/lib/thumb/v7e-m+dp/hard\libc_nano.a(lib_a-nano-freer.o)
                0x080039d8                _free_r
 .text._malloc_r
                0x08003a70       0xb4 c:/program files (x86)/gnu arm embedded toolchain/10 2020-q4-major/bin/../lib/gcc/arm-none-eabi/10.2.1/../../../../arm-none-eabi/lib/thumb/v7e-m+dp/hard\libc_nano.a(lib_a-nano-mallocr.o)
                0x08003a70                _malloc_r
 .text._realloc_r
                0x08003b24       0x4c c:/program files (x86)/gnu arm embedded toolchain/10 2020-q4-major/bin/../lib/gcc/arm-none-eabi/10.2.1/../../../../arm-none-eabi/lib/thumb/v7e-m+dp/hard\libc_nano.a(lib_a-nano-reallocr.o)
                0x08003b24                _realloc_r
 .text._sbrk_r  0x08003b70       0x20 c:/program files (x86)/gnu arm embedded toolchain/10 2020-q4-major/bin/../lib/gcc/arm-none-eabi/10.2.1/../../../../arm-none-eabi/lib/thumb/v7e-m+dp/hard\libc_nano.a(lib_a-sbrkr.o)
                0x08003b70                _sbrk_r
 .text.__malloc_lock
                0x08003b90        0xc c:/program files (x86)/gnu arm embedded toolchain/10 2020-q4-major/bin/../lib/gcc/arm-none-eabi/10.2.1/../../../../arm-none-eabi/lib/thumb/v7e-m+dp/hard\libc_nano.a(lib_a-mlock.o)
                0x08003b90                __malloc_lock
 .text.__malloc_unlock
                0x08003b9c        0xc c:/program files (x86)/gnu arm embedded toolchain/10 2020-q4-major/bin/../lib/gcc/arm-none-eabi/10.2.1/../../../../arm-none-eabi/lib/thumb/v7e-m+dp/hard\libc_nano.a(lib_a-mlock.o)
                0x08003b9c                __malloc_unlock
 .text._malloc_usable_size_r
                0x08003ba8       0x10 c:/program files (x86)/gnu arm embedded toolchain/10 2020-q4-major/bin/../lib/gcc/arm-none-eabi/10.2.1/../../../../arm-none-eabi/lib/thumb/v7e-m+dp/hard\libc_nano.a(lib_a-nano-msizer.o)
                0x08003ba8                _malloc_usable_size_r
 .text.__retarget_lock_acquire_recursive
                0x08003bb8        0x2 c:/program files (x86)/gnu arm embedded toolchain/10 2020-q4-major/bin/../lib/gcc/arm-none-eabi/10.2.1/../../../../arm-none-eabi/lib/thumb/v7e-m+dp/hard\libc_nano.a(lib_a-lock.o)
                0x08003bb8                __retarget_lock_acquire_recursive
 .text.__retarget_lock_release_recursive
                0x08003bba        0x2 c:/program files (x86)/gnu arm embedded toolchain/10 2020-q4-major/bin/../lib/gcc/arm-none-eabi/10.2.1/../../../../arm-none-eabi/lib/thumb/v7e-m+dp/hard\libc_nano.a(lib_a-lock.o)
                0x08003bba                __retarget_lock_release_recursive
 .text._sbrk    0x08003bbc       0x1c c:/program files (x86)/gnu arm embedded toolchain/10 2020-q4-major/bin/../lib/gcc/arm-none-eabi/10.2.1/../../../../arm-none-eabi/lib/thumb/v7e-m+dp/hard\libnosys.a(sbrk.o)
                0x08003bbc                _sbrk
 *(.glue_7)
 .glue_7        0x08003bd8        0x0 linker stubs
 *(.glue_7t)
 .glue_7t       0x08003bd8        0x0 linker stubs
 *(.eh_frame)
 .eh_frame      0x08003bd8        0x0 c:/program files (x86)/gnu arm embedded toolchain/10 2020-q4-major/bin/../lib/gcc/arm-none-eabi/10.2.1/thumb/v7e-m+dp/hard/crtbegin.o
 *(.init)
 .init          0x08003bd8        0x4 c:/program files (x86)/gnu arm embedded toolchain/10 2020-q4-major/bin/../lib/gcc/arm-none-eabi/10.2.1/thumb/v7e-m+dp/hard/crti.o
                0x08003bd8                _init
 .init          0x08003bdc        0x8 c:/program files (x86)/gnu arm embedded toolchain/10 2020-q4-major/bin/../lib/gcc/arm-none-eabi/10.2.1/thumb/v7e-m+dp/hard/crtn.o
 *(.fini)
 .fini          0x08003be4        0x4 c:/program files (x86)/gnu arm embedded toolchain/10 2020-q4-major/bin/../lib/gcc/arm-none-eabi/10.2.1/thumb/v7e-m+dp/hard/crti.o
                0x08003be4                _fini
 .fini          0x08003be8        0x8 c:/program files (x86)/gnu arm embedded toolchain/10 2020-q4-major/bin/../lib/gcc/arm-none-eabi/10.2.1/thumb/v7e-m+dp/hard/crtn.o
                0x08003bf0                . = ALIGN (0x4)
                0x08003bf0                _etext = .

.vfp11_veneer   0x08003bf0        0x0
 .vfp11_veneer  0x08003bf0        0x0 linker stubs

.v4_bx          0x08003bf0        0x0
 .v4_bx         0x08003bf0        0x0 linker stubs

.iplt           0x08003bf0        0x0
 .iplt          0x08003bf0        0x0 c:/program files (x86)/gnu arm embedded toolchain/10 2020-q4-major/bin/../lib/gcc/arm-none-eabi/10.2.1/thumb/v7e-m+dp/hard/crtbegin.o

.rodata         0x08003bf0       0x84
                0x08003bf0                . = ALIGN (0x4)
 *(.rodata)
 *(.rodata*)
 .rodata.main.str1.4
                0x08003bf0        0x7 build/main.o
 *fill*         0x08003bf7        0x1 
 .rodata.HAL_TIM_PeriodElapsedCallback.str1.4
                0x08003bf8       0x26 build/main.o
 *fill*         0x08003c1e        0x2 
 .rodata.flagBitshiftOffset.0
                0x08003c20        0x8 build/stm32f7xx_hal_dma.o
 .rodata.AHBPrescTable
                0x08003c28       0x10 build/system_stm32f7xx.o
                0x08003c28                AHBPrescTable
 .rodata.APBPrescTable
                0x08003c38        0x8 build/system_stm32f7xx.o
                0x08003c38                APBPrescTable
 .rodata._svfprintf_r.str1.1
                0x08003c40       0x11 c:/program files (x86)/gnu arm embedded toolchain/10 2020-q4-major/bin/../lib/gcc/arm-none-eabi/10.2.1/../../../../arm-none-eabi/lib/thumb/v7e-m+dp/hard\libc_nano.a(lib_a-nano-svfprintf.o)
 .rodata._printf_i.str1.1
                0x08003c51       0x22 c:/program files (x86)/gnu arm embedded toolchain/10 2020-q4-major/bin/../lib/gcc/arm-none-eabi/10.2.1/../../../../arm-none-eabi/lib/thumb/v7e-m+dp/hard\libc_nano.a(lib_a-nano-vfprintf_i.o)
                0x08003c74                . = ALIGN (0x4)
 *fill*         0x08003c73        0x1 

.ARM.extab
 *(.ARM.extab* .gnu.linkonce.armextab.*)

.ARM            0x08003c74        0x8
                0x08003c74                __exidx_start = .
 *(.ARM.exidx*)
 .ARM.exidx     0x08003c74        0x8 c:/program files (x86)/gnu arm embedded toolchain/10 2020-q4-major/bin/../lib/gcc/arm-none-eabi/10.2.1/thumb/v7e-m+dp/hard\libgcc.a(_udivmoddi4.o)
                0x08003c7c                __exidx_end = .

.rel.dyn        0x08003c7c        0x0
 .rel.iplt      0x08003c7c        0x0 c:/program files (x86)/gnu arm embedded toolchain/10 2020-q4-major/bin/../lib/gcc/arm-none-eabi/10.2.1/thumb/v7e-m+dp/hard/crtbegin.o

.preinit_array  0x08003c7c        0x0
                0x08003c7c                PROVIDE (__preinit_array_start = .)
 *(.preinit_array*)
                0x08003c7c                PROVIDE (__preinit_array_end = .)

.init_array     0x08003c7c        0x4
                0x08003c7c                PROVIDE (__init_array_start = .)
 *(SORT_BY_NAME(.init_array.*))
 *(.init_array*)
 .init_array    0x08003c7c        0x4 c:/program files (x86)/gnu arm embedded toolchain/10 2020-q4-major/bin/../lib/gcc/arm-none-eabi/10.2.1/thumb/v7e-m+dp/hard/crtbegin.o
                0x08003c80                PROVIDE (__init_array_end = .)

.fini_array     0x08003c80        0x4
                [!provide]                PROVIDE (__fini_array_start = .)
 *(SORT_BY_NAME(.fini_array.*))
 *(.fini_array*)
 .fini_array    0x08003c80        0x4 c:/program files (x86)/gnu arm embedded toolchain/10 2020-q4-major/bin/../lib/gcc/arm-none-eabi/10.2.1/thumb/v7e-m+dp/hard/crtbegin.o
                [!provide]                PROVIDE (__fini_array_end = .)
                0x08003c84                _sidata = LOADADDR (.data)

.data           0x20000000       0x70 load address 0x08003c84
                0x20000000                . = ALIGN (0x4)
                0x20000000                _sdata = .
 *(.data)
 *(.data*)
 .data.uwTickFreq
                0x20000000        0x1 build/stm32f7xx_hal.o
                0x20000000                uwTickFreq
 *fill*         0x20000001        0x3 
 .data.uwTickPrio
                0x20000004        0x4 build/stm32f7xx_hal.o
                0x20000004                uwTickPrio
 .data.SystemCoreClock
                0x20000008        0x4 build/system_stm32f7xx.o
                0x20000008                SystemCoreClock
 .data._impure_ptr
                0x2000000c        0x4 c:/program files (x86)/gnu arm embedded toolchain/10 2020-q4-major/bin/../lib/gcc/arm-none-eabi/10.2.1/../../../../arm-none-eabi/lib/thumb/v7e-m+dp/hard\libc_nano.a(lib_a-impure.o)
                0x2000000c                _impure_ptr
 .data.impure_data
                0x20000010       0x60 c:/program files (x86)/gnu arm embedded toolchain/10 2020-q4-major/bin/../lib/gcc/arm-none-eabi/10.2.1/../../../../arm-none-eabi/lib/thumb/v7e-m+dp/hard\libc_nano.a(lib_a-impure.o)
                0x20000070                . = ALIGN (0x4)
                0x20000070                _edata = .

.igot.plt       0x20000070        0x0 load address 0x08003cf4
 .igot.plt      0x20000070        0x0 c:/program files (x86)/gnu arm embedded toolchain/10 2020-q4-major/bin/../lib/gcc/arm-none-eabi/10.2.1/thumb/v7e-m+dp/hard/crtbegin.o
                0x20000070                . = ALIGN (0x4)

.bss            0x20000070      0x4a4 load address 0x08003cf4
                0x20000070                _sbss = .
                0x20000070                __bss_start__ = _sbss
 *(.bss)
 .bss           0x20000070       0x1c c:/program files (x86)/gnu arm embedded toolchain/10 2020-q4-major/bin/../lib/gcc/arm-none-eabi/10.2.1/thumb/v7e-m+dp/hard/crtbegin.o
 *(.bss*)
 .bss.SBUS_NewPack
                0x2000008c        0x1 build/main.o
                0x2000008c                SBUS_NewPack
 *fill*         0x2000008d        0x3 
 .bss.SBUS_buff
                0x20000090       0x32 build/main.o
                0x20000090                SBUS_buff
 *fill*         0x200000c2        0x2 
 .bss.SBUS_lost
                0x200000c4        0x4 build/main.o
                0x200000c4                SBUS_lost
 .bss.align_count_mem
                0x200000c8        0x4 build/main.o
                0x200000c8                align_count_mem
 .bss.buff      0x200000cc      0x200 build/main.o
                0x200000cc                buff
 .bss.ch_tx_count
                0x200002cc        0x4 build/main.o
                0x200002cc                ch_tx_count
 .bss.channels  0x200002d0       0x20 build/main.o
                0x200002d0                channels
 .bss.counter   0x200002f0        0x4 build/main.o
                0x200002f0                counter
 .bss.hdma_uart7_rx
                0x200002f4       0x60 build/main.o
                0x200002f4                hdma_uart7_rx
 .bss.hi2c4     0x20000354       0x4c build/main.o
                0x20000354                hi2c4
 .bss.htim2     0x200003a0       0x40 build/main.o
                0x200003a0                htim2
 .bss.huart4    0x200003e0       0x80 build/main.o
                0x200003e0                huart4
 .bss.huart7    0x20000460       0x80 build/main.o
                0x20000460                huart7
 .bss.payloads  0x200004e0       0x19 build/main.o
                0x200004e0                payloads
 *fill*         0x200004f9        0x3 
 .bss.uwTick    0x200004fc        0x4 build/stm32f7xx_hal.o
                0x200004fc                uwTick
 .bss.__malloc_free_list
                0x20000500        0x4 c:/program files (x86)/gnu arm embedded toolchain/10 2020-q4-major/bin/../lib/gcc/arm-none-eabi/10.2.1/../../../../arm-none-eabi/lib/thumb/v7e-m+dp/hard\libc_nano.a(lib_a-nano-mallocr.o)
                0x20000500                __malloc_free_list
 .bss.__malloc_sbrk_start
                0x20000504        0x4 c:/program files (x86)/gnu arm embedded toolchain/10 2020-q4-major/bin/../lib/gcc/arm-none-eabi/10.2.1/../../../../arm-none-eabi/lib/thumb/v7e-m+dp/hard\libc_nano.a(lib_a-nano-mallocr.o)
                0x20000504                __malloc_sbrk_start
 .bss.errno     0x20000508        0x4 c:/program files (x86)/gnu arm embedded toolchain/10 2020-q4-major/bin/../lib/gcc/arm-none-eabi/10.2.1/../../../../arm-none-eabi/lib/thumb/v7e-m+dp/hard\libc_nano.a(lib_a-reent.o)
                0x20000508                errno
 .bss.__lock___malloc_recursive_mutex
                0x2000050c        0x1 c:/program files (x86)/gnu arm embedded toolchain/10 2020-q4-major/bin/../lib/gcc/arm-none-eabi/10.2.1/../../../../arm-none-eabi/lib/thumb/v7e-m+dp/hard\libc_nano.a(lib_a-lock.o)
                0x2000050c                __lock___malloc_recursive_mutex
 *fill*         0x2000050d        0x3 
 .bss.heap_end.0
                0x20000510        0x4 c:/program files (x86)/gnu arm embedded toolchain/10 2020-q4-major/bin/../lib/gcc/arm-none-eabi/10.2.1/../../../../arm-none-eabi/lib/thumb/v7e-m+dp/hard\libnosys.a(sbrk.o)
 *(COMMON)
                0x20000514                . = ALIGN (0x4)
                0x20000514                _ebss = .
                0x20000514                __bss_end__ = _ebss

._user_heap_stack
                0x20000514      0x604 load address 0x08003cf4
                0x20000518                . = ALIGN (0x8)
 *fill*         0x20000514        0x4 
                0x20000518                PROVIDE (end = .)
                [!provide]                PROVIDE (_end = .)
                0x20000718                . = (. + _Min_Heap_Size)
 *fill*         0x20000518      0x200 
                0x20000b18                . = (. + _Min_Stack_Size)
 *fill*         0x20000718      0x400 
                0x20000b18                . = ALIGN (0x8)

/DISCARD/
 libc.a(*)
 libm.a(*)
 libgcc.a(*)

.ARM.attributes
                0x00000000       0x2e
 *(.ARM.attributes)
 .ARM.attributes
                0x00000000       0x1e c:/program files (x86)/gnu arm embedded toolchain/10 2020-q4-major/bin/../lib/gcc/arm-none-eabi/10.2.1/thumb/v7e-m+dp/hard/crti.o
 .ARM.attributes
                0x0000001e       0x32 c:/program files (x86)/gnu arm embedded toolchain/10 2020-q4-major/bin/../lib/gcc/arm-none-eabi/10.2.1/thumb/v7e-m+dp/hard/crtbegin.o
 .ARM.attributes
                0x00000050       0x32 build/main.o
 .ARM.attributes
                0x00000082       0x32 build/stm32f7xx_it.o
 .ARM.attributes
                0x000000b4       0x32 build/stm32f7xx_hal_msp.o
 .ARM.attributes
                0x000000e6       0x32 build/stm32f7xx_hal_cortex.o
 .ARM.attributes
                0x00000118       0x32 build/stm32f7xx_hal_i2c.o
 .ARM.attributes
                0x0000014a       0x32 build/stm32f7xx_hal_i2c_ex.o
 .ARM.attributes
                0x0000017c       0x32 build/stm32f7xx_hal_rcc.o
 .ARM.attributes
                0x000001ae       0x32 build/stm32f7xx_hal_rcc_ex.o
 .ARM.attributes
                0x000001e0       0x32 build/stm32f7xx_hal_gpio.o
 .ARM.attributes
                0x00000212       0x32 build/stm32f7xx_hal_dma.o
 .ARM.attributes
                0x00000244       0x32 build/stm32f7xx_hal_pwr_ex.o
 .ARM.attributes
                0x00000276       0x32 build/stm32f7xx_hal.o
 .ARM.attributes
                0x000002a8       0x32 build/stm32f7xx_hal_tim.o
 .ARM.attributes
                0x000002da       0x32 build/stm32f7xx_hal_tim_ex.o
 .ARM.attributes
                0x0000030c       0x32 build/stm32f7xx_ll_tim.o
 .ARM.attributes
                0x0000033e       0x32 build/stm32f7xx_hal_uart.o
 .ARM.attributes
                0x00000370       0x32 build/system_stm32f7xx.o
 .ARM.attributes
                0x000003a2       0x21 build/startup_stm32f767xx.o
 .ARM.attributes
                0x000003c3       0x30 c:/program files (x86)/gnu arm embedded toolchain/10 2020-q4-major/bin/../lib/gcc/arm-none-eabi/10.2.1/../../../../arm-none-eabi/lib/thumb/v7e-m+dp/hard\libc_nano.a(lib_a-impure.o)
 .ARM.attributes
                0x000003f3       0x32 c:/program files (x86)/gnu arm embedded toolchain/10 2020-q4-major/bin/../lib/gcc/arm-none-eabi/10.2.1/../../../../arm-none-eabi/lib/thumb/v7e-m+dp/hard\libc_nano.a(lib_a-init.o)
 .ARM.attributes
                0x00000425       0x32 c:/program files (x86)/gnu arm embedded toolchain/10 2020-q4-major/bin/../lib/gcc/arm-none-eabi/10.2.1/../../../../arm-none-eabi/lib/thumb/v7e-m+dp/hard\libc_nano.a(lib_a-memset.o)
 .ARM.attributes
                0x00000457       0x32 c:/program files (x86)/gnu arm embedded toolchain/10 2020-q4-major/bin/../lib/gcc/arm-none-eabi/10.2.1/../../../../arm-none-eabi/lib/thumb/v7e-m+dp/hard\libc_nano.a(lib_a-sprintf.o)
 .ARM.attributes
                0x00000489       0x17 c:/program files (x86)/gnu arm embedded toolchain/10 2020-q4-major/bin/../lib/gcc/arm-none-eabi/10.2.1/../../../../arm-none-eabi/lib/thumb/v7e-m+dp/hard\libc_nano.a(lib_a-strlen.o)
 .ARM.attributes
                0x000004a0       0x32 c:/program files (x86)/gnu arm embedded toolchain/10 2020-q4-major/bin/../lib/gcc/arm-none-eabi/10.2.1/../../../../arm-none-eabi/lib/thumb/v7e-m+dp/hard\libc_nano.a(lib_a-nano-svfprintf.o)
 .ARM.attributes
                0x000004d2       0x32 c:/program files (x86)/gnu arm embedded toolchain/10 2020-q4-major/bin/../lib/gcc/arm-none-eabi/10.2.1/../../../../arm-none-eabi/lib/thumb/v7e-m+dp/hard\libc_nano.a(lib_a-nano-vfprintf_i.o)
 .ARM.attributes
                0x00000504       0x1c c:/program files (x86)/gnu arm embedded toolchain/10 2020-q4-major/bin/../lib/gcc/arm-none-eabi/10.2.1/../../../../arm-none-eabi/lib/thumb/v7e-m+dp/hard\libc_nano.a(lib_a-memchr.o)
 .ARM.attributes
                0x00000520       0x32 c:/program files (x86)/gnu arm embedded toolchain/10 2020-q4-major/bin/../lib/gcc/arm-none-eabi/10.2.1/../../../../arm-none-eabi/lib/thumb/v7e-m+dp/hard\libc_nano.a(lib_a-memcpy-stub.o)
 .ARM.attributes
                0x00000552       0x32 c:/program files (x86)/gnu arm embedded toolchain/10 2020-q4-major/bin/../lib/gcc/arm-none-eabi/10.2.1/../../../../arm-none-eabi/lib/thumb/v7e-m+dp/hard\libc_nano.a(lib_a-memmove.o)
 .ARM.attributes
                0x00000584       0x32 c:/program files (x86)/gnu arm embedded toolchain/10 2020-q4-major/bin/../lib/gcc/arm-none-eabi/10.2.1/../../../../arm-none-eabi/lib/thumb/v7e-m+dp/hard\libc_nano.a(lib_a-nano-freer.o)
 .ARM.attributes
                0x000005b6       0x32 c:/program files (x86)/gnu arm embedded toolchain/10 2020-q4-major/bin/../lib/gcc/arm-none-eabi/10.2.1/../../../../arm-none-eabi/lib/thumb/v7e-m+dp/hard\libc_nano.a(lib_a-nano-mallocr.o)
 .ARM.attributes
                0x000005e8       0x32 c:/program files (x86)/gnu arm embedded toolchain/10 2020-q4-major/bin/../lib/gcc/arm-none-eabi/10.2.1/../../../../arm-none-eabi/lib/thumb/v7e-m+dp/hard\libc_nano.a(lib_a-nano-reallocr.o)
 .ARM.attributes
                0x0000061a       0x32 c:/program files (x86)/gnu arm embedded toolchain/10 2020-q4-major/bin/../lib/gcc/arm-none-eabi/10.2.1/../../../../arm-none-eabi/lib/thumb/v7e-m+dp/hard\libc_nano.a(lib_a-sbrkr.o)
 .ARM.attributes
                0x0000064c       0x32 c:/program files (x86)/gnu arm embedded toolchain/10 2020-q4-major/bin/../lib/gcc/arm-none-eabi/10.2.1/../../../../arm-none-eabi/lib/thumb/v7e-m+dp/hard\libc_nano.a(lib_a-mlock.o)
 .ARM.attributes
                0x0000067e       0x32 c:/program files (x86)/gnu arm embedded toolchain/10 2020-q4-major/bin/../lib/gcc/arm-none-eabi/10.2.1/../../../../arm-none-eabi/lib/thumb/v7e-m+dp/hard\libc_nano.a(lib_a-nano-msizer.o)
 .ARM.attributes
                0x000006b0       0x32 c:/program files (x86)/gnu arm embedded toolchain/10 2020-q4-major/bin/../lib/gcc/arm-none-eabi/10.2.1/../../../../arm-none-eabi/lib/thumb/v7e-m+dp/hard\libc_nano.a(lib_a-reent.o)
 .ARM.attributes
                0x000006e2       0x32 c:/program files (x86)/gnu arm embedded toolchain/10 2020-q4-major/bin/../lib/gcc/arm-none-eabi/10.2.1/../../../../arm-none-eabi/lib/thumb/v7e-m+dp/hard\libc_nano.a(lib_a-lock.o)
 .ARM.attributes
                0x00000714       0x32 c:/program files (x86)/gnu arm embedded toolchain/10 2020-q4-major/bin/../lib/gcc/arm-none-eabi/10.2.1/../../../../arm-none-eabi/lib/thumb/v7e-m+dp/hard\libnosys.a(sbrk.o)
 .ARM.attributes
                0x00000746       0x1e c:/program files (x86)/gnu arm embedded toolchain/10 2020-q4-major/bin/../lib/gcc/arm-none-eabi/10.2.1/thumb/v7e-m+dp/hard\libgcc.a(_aeabi_uldivmod.o)
 .ARM.attributes
                0x00000764       0x32 c:/program files (x86)/gnu arm embedded toolchain/10 2020-q4-major/bin/../lib/gcc/arm-none-eabi/10.2.1/thumb/v7e-m+dp/hard\libgcc.a(_udivmoddi4.o)
 .ARM.attributes
                0x00000796       0x1e c:/program files (x86)/gnu arm embedded toolchain/10 2020-q4-major/bin/../lib/gcc/arm-none-eabi/10.2.1/thumb/v7e-m+dp/hard\libgcc.a(_dvmd_tls.o)
 .ARM.attributes
                0x000007b4       0x1e c:/program files (x86)/gnu arm embedded toolchain/10 2020-q4-major/bin/../lib/gcc/arm-none-eabi/10.2.1/thumb/v7e-m+dp/hard/crtn.o
OUTPUT(build/STM32F767VIT6_SBUS_Rx_Test.elf elf32-littlearm)
LOAD linker stubs
LOAD c:/program files (x86)/gnu arm embedded toolchain/10 2020-q4-major/bin/../lib/gcc/arm-none-eabi/10.2.1/../../../../arm-none-eabi/lib/thumb/v7e-m+dp/hard\libc.a
LOAD c:/program files (x86)/gnu arm embedded toolchain/10 2020-q4-major/bin/../lib/gcc/arm-none-eabi/10.2.1/../../../../arm-none-eabi/lib/thumb/v7e-m+dp/hard\libm.a
LOAD c:/program files (x86)/gnu arm embedded toolchain/10 2020-q4-major/bin/../lib/gcc/arm-none-eabi/10.2.1/thumb/v7e-m+dp/hard\libgcc.a

.debug_info     0x00000000    0x18149
 .debug_info    0x00000000     0x250a build/main.o
 .debug_info    0x0000250a      0xca2 build/stm32f7xx_it.o
 .debug_info    0x000031ac     0x1897 build/stm32f7xx_hal_msp.o
 .debug_info    0x00004a43     0x1432 build/stm32f7xx_hal_cortex.o
 .debug_info    0x00005e75     0x407e build/stm32f7xx_hal_i2c.o
 .debug_info    0x00009ef3      0xaca build/stm32f7xx_hal_i2c_ex.o
 .debug_info    0x0000a9bd      0xd00 build/stm32f7xx_hal_rcc.o
 .debug_info    0x0000b6bd      0x986 build/stm32f7xx_hal_rcc_ex.o
 .debug_info    0x0000c043      0x876 build/stm32f7xx_hal_gpio.o
 .debug_info    0x0000c8b9      0xbd1 build/stm32f7xx_hal_dma.o
 .debug_info    0x0000d48a      0xb1b build/stm32f7xx_hal_pwr_ex.o
 .debug_info    0x0000dfa5      0xbd7 build/stm32f7xx_hal.o
 .debug_info    0x0000eb7c     0x3a5a build/stm32f7xx_hal_tim.o
 .debug_info    0x000125d6     0x19ab build/stm32f7xx_hal_tim_ex.o
 .debug_info    0x00013f81     0x19a9 build/stm32f7xx_ll_tim.o
 .debug_info    0x0001592a     0x1ffa build/stm32f7xx_hal_uart.o
 .debug_info    0x00017924      0x803 build/system_stm32f7xx.o
 .debug_info    0x00018127       0x22 build/startup_stm32f767xx.o

.debug_abbrev   0x00000000     0x283d
 .debug_abbrev  0x00000000      0x336 build/main.o
 .debug_abbrev  0x00000336      0x1a8 build/stm32f7xx_it.o
 .debug_abbrev  0x000004de      0x240 build/stm32f7xx_hal_msp.o
 .debug_abbrev  0x0000071e      0x382 build/stm32f7xx_hal_cortex.o
 .debug_abbrev  0x00000aa0      0x2bd build/stm32f7xx_hal_i2c.o
 .debug_abbrev  0x00000d5d      0x1b5 build/stm32f7xx_hal_i2c_ex.o
 .debug_abbrev  0x00000f12      0x2d2 build/stm32f7xx_hal_rcc.o
 .debug_abbrev  0x000011e4      0x1f4 build/stm32f7xx_hal_rcc_ex.o
 .debug_abbrev  0x000013d8      0x22b build/stm32f7xx_hal_gpio.o
 .debug_abbrev  0x00001603      0x2ff build/stm32f7xx_hal_dma.o
 .debug_abbrev  0x00001902      0x1b8 build/stm32f7xx_hal_pwr_ex.o
 .debug_abbrev  0x00001aba      0x209 build/stm32f7xx_hal.o
 .debug_abbrev  0x00001cc3      0x282 build/stm32f7xx_hal_tim.o
 .debug_abbrev  0x00001f45      0x27e build/stm32f7xx_hal_tim_ex.o
 .debug_abbrev  0x000021c3      0x2b8 build/stm32f7xx_ll_tim.o
 .debug_abbrev  0x0000247b      0x286 build/stm32f7xx_hal_uart.o
 .debug_abbrev  0x00002701      0x12a build/system_stm32f7xx.o
 .debug_abbrev  0x0000282b       0x12 build/startup_stm32f767xx.o

.debug_loc      0x00000000    0x12a8c
 .debug_loc     0x00000000      0x37d build/main.o
 .debug_loc     0x0000037d       0x80 build/stm32f7xx_it.o
 .debug_loc     0x000003fd      0x2ef build/stm32f7xx_hal_msp.o
 .debug_loc     0x000006ec      0x794 build/stm32f7xx_hal_cortex.o
 .debug_loc     0x00000e80     0x513c build/stm32f7xx_hal_i2c.o
 .debug_loc     0x00005fbc      0x19c build/stm32f7xx_hal_i2c_ex.o
 .debug_loc     0x00006158      0x7fa build/stm32f7xx_hal_rcc.o
 .debug_loc     0x00006952      0x914 build/stm32f7xx_hal_rcc_ex.o
 .debug_loc     0x00007266      0x5e1 build/stm32f7xx_hal_gpio.o
 .debug_loc     0x00007847      0xd6d build/stm32f7xx_hal_dma.o
 .debug_loc     0x000085b4      0x3dd build/stm32f7xx_hal_pwr_ex.o
 .debug_loc     0x00008991      0x1cc build/stm32f7xx_hal.o
 .debug_loc     0x00008b5d     0x4914 build/stm32f7xx_hal_tim.o
 .debug_loc     0x0000d471     0x1cd3 build/stm32f7xx_hal_tim_ex.o
 .debug_loc     0x0000f144     0x18c8 build/stm32f7xx_ll_tim.o
 .debug_loc     0x00010a0c     0x1efc build/stm32f7xx_hal_uart.o
 .debug_loc     0x00012908      0x184 build/system_stm32f7xx.o

.debug_aranges  0x00000000     0x1030
 .debug_aranges
                0x00000000       0x78 build/main.o
 .debug_aranges
                0x00000078       0x78 build/stm32f7xx_it.o
 .debug_aranges
                0x000000f0       0x50 build/stm32f7xx_hal_msp.o
 .debug_aranges
                0x00000140       0xa8 build/stm32f7xx_hal_cortex.o
 .debug_aranges
                0x000001e8      0x288 build/stm32f7xx_hal_i2c.o
 .debug_aranges
                0x00000470       0x38 build/stm32f7xx_hal_i2c_ex.o
 .debug_aranges
                0x000004a8       0x88 build/stm32f7xx_hal_rcc.o
 .debug_aranges
                0x00000530       0x50 build/stm32f7xx_hal_rcc_ex.o
 .debug_aranges
                0x00000580       0x58 build/stm32f7xx_hal_gpio.o
 .debug_aranges
                0x000005d8       0x90 build/stm32f7xx_hal_dma.o
 .debug_aranges
                0x00000668       0x80 build/stm32f7xx_hal_pwr_ex.o
 .debug_aranges
                0x000006e8      0x110 build/stm32f7xx_hal.o
 .debug_aranges
                0x000007f8      0x3b8 build/stm32f7xx_hal_tim.o
 .debug_aranges
                0x00000bb0      0x168 build/stm32f7xx_hal_tim_ex.o
 .debug_aranges
                0x00000d18       0xd0 build/stm32f7xx_ll_tim.o
 .debug_aranges
                0x00000de8      0x1f8 build/stm32f7xx_hal_uart.o
 .debug_aranges
                0x00000fe0       0x28 build/system_stm32f7xx.o
 .debug_aranges
                0x00001008       0x28 build/startup_stm32f767xx.o

.debug_ranges   0x00000000     0x10e0
 .debug_ranges  0x00000000       0x80 build/main.o
 .debug_ranges  0x00000080       0x68 build/stm32f7xx_it.o
 .debug_ranges  0x000000e8       0x40 build/stm32f7xx_hal_msp.o
 .debug_ranges  0x00000128       0xf8 build/stm32f7xx_hal_cortex.o
 .debug_ranges  0x00000220      0x278 build/stm32f7xx_hal_i2c.o
 .debug_ranges  0x00000498       0x28 build/stm32f7xx_hal_i2c_ex.o
 .debug_ranges  0x000004c0       0x78 build/stm32f7xx_hal_rcc.o
 .debug_ranges  0x00000538       0x40 build/stm32f7xx_hal_rcc_ex.o
 .debug_ranges  0x00000578       0x48 build/stm32f7xx_hal_gpio.o
 .debug_ranges  0x000005c0       0x80 build/stm32f7xx_hal_dma.o
 .debug_ranges  0x00000640       0x70 build/stm32f7xx_hal_pwr_ex.o
 .debug_ranges  0x000006b0      0x100 build/stm32f7xx_hal.o
 .debug_ranges  0x000007b0      0x3a8 build/stm32f7xx_hal_tim.o
 .debug_ranges  0x00000b58      0x158 build/stm32f7xx_hal_tim_ex.o
 .debug_ranges  0x00000cb0      0x210 build/stm32f7xx_ll_tim.o
 .debug_ranges  0x00000ec0      0x1e8 build/stm32f7xx_hal_uart.o
 .debug_ranges  0x000010a8       0x18 build/system_stm32f7xx.o
 .debug_ranges  0x000010c0       0x20 build/startup_stm32f767xx.o

.debug_line     0x00000000    0x118c8
 .debug_line    0x00000000      0x952 build/main.o
 .debug_line    0x00000952      0x364 build/stm32f7xx_it.o
 .debug_line    0x00000cb6      0x4da build/stm32f7xx_hal_msp.o
 .debug_line    0x00001190      0x797 build/stm32f7xx_hal_cortex.o
 .debug_line    0x00001927     0x46ab build/stm32f7xx_hal_i2c.o
 .debug_line    0x00005fd2      0x3a1 build/stm32f7xx_hal_i2c_ex.o
 .debug_line    0x00006373      0xc73 build/stm32f7xx_hal_rcc.o
 .debug_line    0x00006fe6      0xc2b build/stm32f7xx_hal_rcc_ex.o
 .debug_line    0x00007c11      0x6fa build/stm32f7xx_hal_gpio.o
 .debug_line    0x0000830b      0xe2e build/stm32f7xx_hal_dma.o
 .debug_line    0x00009139      0x57a build/stm32f7xx_hal_pwr_ex.o
 .debug_line    0x000096b3      0x5ce build/stm32f7xx_hal.o
 .debug_line    0x00009c81     0x37b2 build/stm32f7xx_hal_tim.o
 .debug_line    0x0000d433     0x1381 build/stm32f7xx_hal_tim_ex.o
 .debug_line    0x0000e7b4      0xe9a build/stm32f7xx_ll_tim.o
 .debug_line    0x0000f64e     0x1f65 build/stm32f7xx_hal_uart.o
 .debug_line    0x000115b3      0x2a1 build/system_stm32f7xx.o
 .debug_line    0x00011854       0x74 build/startup_stm32f767xx.o

.debug_str      0x00000000     0x5569
 .debug_str     0x00000000     0x1ac5 build/main.o
                               0x1bfa (size before relaxing)
 .debug_str     0x00001ac5      0x122 build/stm32f7xx_it.o
                                0x9a2 (size before relaxing)
 .debug_str     0x00001be7       0xe5 build/stm32f7xx_hal_msp.o
                               0x142e (size before relaxing)
 .debug_str     0x00001ccc      0x599 build/stm32f7xx_hal_cortex.o
                                0xe45 (size before relaxing)
 .debug_str     0x00002265      0x89e build/stm32f7xx_hal_i2c.o
                                0xfd6 (size before relaxing)
 .debug_str     0x00002b03       0xb2 build/stm32f7xx_hal_i2c_ex.o
                                0x8fb (size before relaxing)
 .debug_str     0x00002bb5      0x206 build/stm32f7xx_hal_rcc.o
                                0x71b (size before relaxing)
 .debug_str     0x00002dbb      0x14c build/stm32f7xx_hal_rcc_ex.o
                                0x733 (size before relaxing)
 .debug_str     0x00002f07       0xe1 build/stm32f7xx_hal_gpio.o
                                0x4f7 (size before relaxing)
 .debug_str     0x00002fe8      0x2a2 build/stm32f7xx_hal_dma.o
                                0x770 (size before relaxing)
 .debug_str     0x0000328a      0x1d3 build/stm32f7xx_hal_pwr_ex.o
                                0x646 (size before relaxing)
 .debug_str     0x0000345d      0x307 build/stm32f7xx_hal.o
                                0xd1e (size before relaxing)
 .debug_str     0x00003764      0xd47 build/stm32f7xx_hal_tim.o
                               0x1524 (size before relaxing)
 .debug_str     0x000044ab      0x5bc build/stm32f7xx_hal_tim_ex.o
                                0xe36 (size before relaxing)
 .debug_str     0x00004a67      0x486 build/stm32f7xx_ll_tim.o
                                0x9dd (size before relaxing)
 .debug_str     0x00004eed      0x616 build/stm32f7xx_hal_uart.o
                                0xec2 (size before relaxing)
 .debug_str     0x00005503       0x42 build/system_stm32f7xx.o
                                0x450 (size before relaxing)
 .debug_str     0x00005545       0x24 build/startup_stm32f767xx.o
                                 0x64 (size before relaxing)

.comment        0x00000000       0x4d
 .comment       0x00000000       0x4d build/main.o
                                 0x4e (size before relaxing)
 .comment       0x0000004d       0x4e build/stm32f7xx_it.o
 .comment       0x0000004d       0x4e build/stm32f7xx_hal_msp.o
 .comment       0x0000004d       0x4e build/stm32f7xx_hal_cortex.o
 .comment       0x0000004d       0x4e build/stm32f7xx_hal_i2c.o
 .comment       0x0000004d       0x4e build/stm32f7xx_hal_i2c_ex.o
 .comment       0x0000004d       0x4e build/stm32f7xx_hal_rcc.o
 .comment       0x0000004d       0x4e build/stm32f7xx_hal_rcc_ex.o
 .comment       0x0000004d       0x4e build/stm32f7xx_hal_gpio.o
 .comment       0x0000004d       0x4e build/stm32f7xx_hal_dma.o
 .comment       0x0000004d       0x4e build/stm32f7xx_hal_pwr_ex.o
 .comment       0x0000004d       0x4e build/stm32f7xx_hal.o
 .comment       0x0000004d       0x4e build/stm32f7xx_hal_tim.o
 .comment       0x0000004d       0x4e build/stm32f7xx_hal_tim_ex.o
 .comment       0x0000004d       0x4e build/stm32f7xx_ll_tim.o
 .comment       0x0000004d       0x4e build/stm32f7xx_hal_uart.o
 .comment       0x0000004d       0x4e build/system_stm32f7xx.o

.debug_frame    0x00000000     0x315c
 .debug_frame   0x00000000      0x160 build/main.o
 .debug_frame   0x00000160       0xf0 build/stm32f7xx_it.o
 .debug_frame   0x00000250       0xcc build/stm32f7xx_hal_msp.o
 .debug_frame   0x0000031c      0x148 build/stm32f7xx_hal_cortex.o
 .debug_frame   0x00000464      0x90c build/stm32f7xx_hal_i2c.o
 .debug_frame   0x00000d70       0x60 build/stm32f7xx_hal_i2c_ex.o
 .debug_frame   0x00000dd0      0x178 build/stm32f7xx_hal_rcc.o
 .debug_frame   0x00000f48       0xc0 build/stm32f7xx_hal_rcc_ex.o
 .debug_frame   0x00001008       0xd8 build/stm32f7xx_hal_gpio.o
 .debug_frame   0x000010e0      0x188 build/stm32f7xx_hal_dma.o
 .debug_frame   0x00001268      0x134 build/stm32f7xx_hal_pwr_ex.o
 .debug_frame   0x0000139c      0x22c build/stm32f7xx_hal.o
 .debug_frame   0x000015c8      0xacc build/stm32f7xx_hal_tim.o
 .debug_frame   0x00002094      0x40c build/stm32f7xx_hal_tim_ex.o
 .debug_frame   0x000024a0      0x24c build/stm32f7xx_ll_tim.o
 .debug_frame   0x000026ec      0x590 build/stm32f7xx_hal_uart.o
 .debug_frame   0x00002c7c       0x3c build/system_stm32f7xx.o
 .debug_frame   0x00002cb8       0x2c c:/program files (x86)/gnu arm embedded toolchain/10 2020-q4-major/bin/../lib/gcc/arm-none-eabi/10.2.1/../../../../arm-none-eabi/lib/thumb/v7e-m+dp/hard\libc_nano.a(lib_a-init.o)
 .debug_frame   0x00002ce4       0x20 c:/program files (x86)/gnu arm embedded toolchain/10 2020-q4-major/bin/../lib/gcc/arm-none-eabi/10.2.1/../../../../arm-none-eabi/lib/thumb/v7e-m+dp/hard\libc_nano.a(lib_a-memset.o)
 .debug_frame   0x00002d04       0x6c c:/program files (x86)/gnu arm embedded toolchain/10 2020-q4-major/bin/../lib/gcc/arm-none-eabi/10.2.1/../../../../arm-none-eabi/lib/thumb/v7e-m+dp/hard\libc_nano.a(lib_a-sprintf.o)
 .debug_frame   0x00002d70       0x90 c:/program files (x86)/gnu arm embedded toolchain/10 2020-q4-major/bin/../lib/gcc/arm-none-eabi/10.2.1/../../../../arm-none-eabi/lib/thumb/v7e-m+dp/hard\libc_nano.a(lib_a-nano-svfprintf.o)
 .debug_frame   0x00002e00       0x60 c:/program files (x86)/gnu arm embedded toolchain/10 2020-q4-major/bin/../lib/gcc/arm-none-eabi/10.2.1/../../../../arm-none-eabi/lib/thumb/v7e-m+dp/hard\libc_nano.a(lib_a-nano-vfprintf_i.o)
 .debug_frame   0x00002e60       0x28 c:/program files (x86)/gnu arm embedded toolchain/10 2020-q4-major/bin/../lib/gcc/arm-none-eabi/10.2.1/../../../../arm-none-eabi/lib/thumb/v7e-m+dp/hard\libc_nano.a(lib_a-memcpy-stub.o)
 .debug_frame   0x00002e88       0x28 c:/program files (x86)/gnu arm embedded toolchain/10 2020-q4-major/bin/../lib/gcc/arm-none-eabi/10.2.1/../../../../arm-none-eabi/lib/thumb/v7e-m+dp/hard\libc_nano.a(lib_a-memmove.o)
 .debug_frame   0x00002eb0       0x38 c:/program files (x86)/gnu arm embedded toolchain/10 2020-q4-major/bin/../lib/gcc/arm-none-eabi/10.2.1/../../../../arm-none-eabi/lib/thumb/v7e-m+dp/hard\libc_nano.a(lib_a-nano-freer.o)
 .debug_frame   0x00002ee8       0x30 c:/program files (x86)/gnu arm embedded toolchain/10 2020-q4-major/bin/../lib/gcc/arm-none-eabi/10.2.1/../../../../arm-none-eabi/lib/thumb/v7e-m+dp/hard\libc_nano.a(lib_a-nano-mallocr.o)
 .debug_frame   0x00002f18       0x3c c:/program files (x86)/gnu arm embedded toolchain/10 2020-q4-major/bin/../lib/gcc/arm-none-eabi/10.2.1/../../../../arm-none-eabi/lib/thumb/v7e-m+dp/hard\libc_nano.a(lib_a-nano-reallocr.o)
 .debug_frame   0x00002f54       0x2c c:/program files (x86)/gnu arm embedded toolchain/10 2020-q4-major/bin/../lib/gcc/arm-none-eabi/10.2.1/../../../../arm-none-eabi/lib/thumb/v7e-m+dp/hard\libc_nano.a(lib_a-sbrkr.o)
 .debug_frame   0x00002f80       0x30 c:/program files (x86)/gnu arm embedded toolchain/10 2020-q4-major/bin/../lib/gcc/arm-none-eabi/10.2.1/../../../../arm-none-eabi/lib/thumb/v7e-m+dp/hard\libc_nano.a(lib_a-mlock.o)
 .debug_frame   0x00002fb0       0x20 c:/program files (x86)/gnu arm embedded toolchain/10 2020-q4-major/bin/../lib/gcc/arm-none-eabi/10.2.1/../../../../arm-none-eabi/lib/thumb/v7e-m+dp/hard\libc_nano.a(lib_a-nano-msizer.o)
 .debug_frame   0x00002fd0       0x5c c:/program files (x86)/gnu arm embedded toolchain/10 2020-q4-major/bin/../lib/gcc/arm-none-eabi/10.2.1/../../../../arm-none-eabi/lib/thumb/v7e-m+dp/hard\libc_nano.a(lib_a-reent.o)
 .debug_frame   0x0000302c       0xb0 c:/program files (x86)/gnu arm embedded toolchain/10 2020-q4-major/bin/../lib/gcc/arm-none-eabi/10.2.1/../../../../arm-none-eabi/lib/thumb/v7e-m+dp/hard\libc_nano.a(lib_a-lock.o)
 .debug_frame   0x000030dc       0x20 c:/program files (x86)/gnu arm embedded toolchain/10 2020-q4-major/bin/../lib/gcc/arm-none-eabi/10.2.1/../../../../arm-none-eabi/lib/thumb/v7e-m+dp/hard\libnosys.a(sbrk.o)
 .debug_frame   0x000030fc       0x2c c:/program files (x86)/gnu arm embedded toolchain/10 2020-q4-major/bin/../lib/gcc/arm-none-eabi/10.2.1/thumb/v7e-m+dp/hard\libgcc.a(_aeabi_uldivmod.o)
 .debug_frame   0x00003128       0x34 c:/program files (x86)/gnu arm embedded toolchain/10 2020-q4-major/bin/../lib/gcc/arm-none-eabi/10.2.1/thumb/v7e-m+dp/hard\libgcc.a(_udivmoddi4.o)

Cross Reference Table

Symbol                                            File
ADC_IRQHandler                                    build/startup_stm32f767xx.o
AHBPrescTable                                     build/system_stm32f7xx.o
                                                  build/stm32f7xx_ll_utils.o
                                                  build/stm32f7xx_ll_rcc.o
                                                  build/stm32f7xx_hal_rcc.o
APBPrescTable                                     build/system_stm32f7xx.o
                                                  build/stm32f7xx_ll_rcc.o
                                                  build/stm32f7xx_hal_rcc.o
BusFault_Handler                                  build/stm32f7xx_it.o
CAN1_RX0_IRQHandler                               build/startup_stm32f767xx.o
CAN1_RX1_IRQHandler                               build/startup_stm32f767xx.o
CAN1_SCE_IRQHandler                               build/startup_stm32f767xx.o
CAN1_TX_IRQHandler                                build/startup_stm32f767xx.o
CAN2_RX0_IRQHandler                               build/startup_stm32f767xx.o
CAN2_RX1_IRQHandler                               build/startup_stm32f767xx.o
CAN2_SCE_IRQHandler                               build/startup_stm32f767xx.o
CAN2_TX_IRQHandler                                build/startup_stm32f767xx.o
CAN3_RX0_IRQHandler                               build/startup_stm32f767xx.o
CAN3_RX1_IRQHandler                               build/startup_stm32f767xx.o
CAN3_SCE_IRQHandler                               build/startup_stm32f767xx.o
CAN3_TX_IRQHandler                                build/startup_stm32f767xx.o
CEC_IRQHandler                                    build/startup_stm32f767xx.o
DCMI_IRQHandler                                   build/startup_stm32f767xx.o
DFSDM1_FLT0_IRQHandler                            build/startup_stm32f767xx.o
DFSDM1_FLT1_IRQHandler                            build/startup_stm32f767xx.o
DFSDM1_FLT2_IRQHandler                            build/startup_stm32f767xx.o
DFSDM1_FLT3_IRQHandler                            build/startup_stm32f767xx.o
DMA1_Stream0_IRQHandler                           build/startup_stm32f767xx.o
DMA1_Stream1_IRQHandler                           build/startup_stm32f767xx.o
DMA1_Stream2_IRQHandler                           build/startup_stm32f767xx.o
DMA1_Stream3_IRQHandler                           build/stm32f7xx_it.o
DMA1_Stream4_IRQHandler                           build/startup_stm32f767xx.o
DMA1_Stream5_IRQHandler                           build/startup_stm32f767xx.o
DMA1_Stream6_IRQHandler                           build/startup_stm32f767xx.o
DMA1_Stream7_IRQHandler                           build/startup_stm32f767xx.o
DMA2D_IRQHandler                                  build/startup_stm32f767xx.o
DMA2_Stream0_IRQHandler                           build/startup_stm32f767xx.o
DMA2_Stream1_IRQHandler                           build/startup_stm32f767xx.o
DMA2_Stream2_IRQHandler                           build/startup_stm32f767xx.o
DMA2_Stream3_IRQHandler                           build/startup_stm32f767xx.o
DMA2_Stream4_IRQHandler                           build/startup_stm32f767xx.o
DMA2_Stream5_IRQHandler                           build/startup_stm32f767xx.o
DMA2_Stream6_IRQHandler                           build/startup_stm32f767xx.o
DMA2_Stream7_IRQHandler                           build/startup_stm32f767xx.o
DebugMon_Handler                                  build/stm32f7xx_it.o
Default_Handler                                   build/startup_stm32f767xx.o
ETH_IRQHandler                                    build/startup_stm32f767xx.o
ETH_WKUP_IRQHandler                               build/startup_stm32f767xx.o
EXTI0_IRQHandler                                  build/startup_stm32f767xx.o
EXTI15_10_IRQHandler                              build/startup_stm32f767xx.o
EXTI1_IRQHandler                                  build/startup_stm32f767xx.o
EXTI2_IRQHandler                                  build/startup_stm32f767xx.o
EXTI3_IRQHandler                                  build/startup_stm32f767xx.o
EXTI4_IRQHandler                                  build/startup_stm32f767xx.o
EXTI9_5_IRQHandler                                build/startup_stm32f767xx.o
Error_Handler                                     build/main.o
                                                  build/stm32f7xx_hal_msp.o
FLASH_Erase_Sector                                build/stm32f7xx_hal_flash_ex.o
                                                  build/stm32f7xx_hal_flash.o
FLASH_IRQHandler                                  build/startup_stm32f767xx.o
FLASH_WaitForLastOperation                        build/stm32f7xx_hal_flash.o
                                                  build/stm32f7xx_hal_flash_ex.o
FMC_IRQHandler                                    build/startup_stm32f767xx.o
FPU_IRQHandler                                    build/startup_stm32f767xx.o
HAL_DBGMCU_DisableDBGSleepMode                    build/stm32f7xx_hal.o
HAL_DBGMCU_DisableDBGStandbyMode                  build/stm32f7xx_hal.o
HAL_DBGMCU_DisableDBGStopMode                     build/stm32f7xx_hal.o
HAL_DBGMCU_EnableDBGSleepMode                     build/stm32f7xx_hal.o
HAL_DBGMCU_EnableDBGStandbyMode                   build/stm32f7xx_hal.o
HAL_DBGMCU_EnableDBGStopMode                      build/stm32f7xx_hal.o
HAL_DMAEx_ChangeMemory                            build/stm32f7xx_hal_dma_ex.o
HAL_DMAEx_MultiBufferStart                        build/stm32f7xx_hal_dma_ex.o
HAL_DMAEx_MultiBufferStart_IT                     build/stm32f7xx_hal_dma_ex.o
HAL_DMA_Abort                                     build/stm32f7xx_hal_dma.o
                                                  build/stm32f7xx_hal_uart.o
HAL_DMA_Abort_IT                                  build/stm32f7xx_hal_dma.o
                                                  build/stm32f7xx_hal_uart.o
                                                  build/stm32f7xx_hal_tim_ex.o
                                                  build/stm32f7xx_hal_tim.o
                                                  build/stm32f7xx_hal_i2c.o
HAL_DMA_DeInit                                    build/stm32f7xx_hal_dma.o
                                                  build/stm32f7xx_hal_msp.o
HAL_DMA_GetError                                  build/stm32f7xx_hal_dma.o
                                                  build/stm32f7xx_hal_uart.o
                                                  build/stm32f7xx_hal_i2c.o
HAL_DMA_GetState                                  build/stm32f7xx_hal_dma.o
HAL_DMA_IRQHandler                                build/stm32f7xx_hal_dma.o
                                                  build/stm32f7xx_it.o
HAL_DMA_Init                                      build/stm32f7xx_hal_dma.o
                                                  build/stm32f7xx_hal_msp.o
HAL_DMA_PollForTransfer                           build/stm32f7xx_hal_dma.o
HAL_DMA_RegisterCallback                          build/stm32f7xx_hal_dma.o
HAL_DMA_Start                                     build/stm32f7xx_hal_dma.o
HAL_DMA_Start_IT                                  build/stm32f7xx_hal_dma.o
                                                  build/stm32f7xx_hal_uart.o
                                                  build/stm32f7xx_hal_tim_ex.o
                                                  build/stm32f7xx_hal_tim.o
                                                  build/stm32f7xx_hal_i2c.o
HAL_DMA_UnRegisterCallback                        build/stm32f7xx_hal_dma.o
HAL_DeInit                                        build/stm32f7xx_hal.o
HAL_Delay                                         build/stm32f7xx_hal.o
                                                  build/main.o
HAL_DisableCompensationCell                       build/stm32f7xx_hal.o
HAL_DisableFMCMemorySwapping                      build/stm32f7xx_hal.o
HAL_DisableMemorySwappingBank                     build/stm32f7xx_hal.o
HAL_EXTI_ClearConfigLine                          build/stm32f7xx_hal_exti.o
HAL_EXTI_ClearPending                             build/stm32f7xx_hal_exti.o
HAL_EXTI_GenerateSWI                              build/stm32f7xx_hal_exti.o
HAL_EXTI_GetConfigLine                            build/stm32f7xx_hal_exti.o
HAL_EXTI_GetHandle                                build/stm32f7xx_hal_exti.o
HAL_EXTI_GetPending                               build/stm32f7xx_hal_exti.o
HAL_EXTI_IRQHandler                               build/stm32f7xx_hal_exti.o
HAL_EXTI_RegisterCallback                         build/stm32f7xx_hal_exti.o
HAL_EXTI_SetConfigLine                            build/stm32f7xx_hal_exti.o
HAL_EnableCompensationCell                        build/stm32f7xx_hal.o
HAL_EnableFMCMemorySwapping                       build/stm32f7xx_hal.o
HAL_EnableMemorySwappingBank                      build/stm32f7xx_hal.o
HAL_FLASHEx_Erase                                 build/stm32f7xx_hal_flash_ex.o
HAL_FLASHEx_Erase_IT                              build/stm32f7xx_hal_flash_ex.o
HAL_FLASHEx_OBGetConfig                           build/stm32f7xx_hal_flash_ex.o
HAL_FLASHEx_OBProgram                             build/stm32f7xx_hal_flash_ex.o
HAL_FLASH_EndOfOperationCallback                  build/stm32f7xx_hal_flash.o
HAL_FLASH_GetError                                build/stm32f7xx_hal_flash.o
HAL_FLASH_IRQHandler                              build/stm32f7xx_hal_flash.o
HAL_FLASH_Lock                                    build/stm32f7xx_hal_flash.o
HAL_FLASH_OB_Launch                               build/stm32f7xx_hal_flash.o
HAL_FLASH_OB_Lock                                 build/stm32f7xx_hal_flash.o
HAL_FLASH_OB_Unlock                               build/stm32f7xx_hal_flash.o
HAL_FLASH_OperationErrorCallback                  build/stm32f7xx_hal_flash.o
HAL_FLASH_Program                                 build/stm32f7xx_hal_flash.o
HAL_FLASH_Program_IT                              build/stm32f7xx_hal_flash.o
HAL_FLASH_Unlock                                  build/stm32f7xx_hal_flash.o
HAL_GPIO_DeInit                                   build/stm32f7xx_hal_gpio.o
                                                  build/stm32f7xx_hal_msp.o
HAL_GPIO_EXTI_Callback                            build/stm32f7xx_hal_gpio.o
HAL_GPIO_EXTI_IRQHandler                          build/stm32f7xx_hal_gpio.o
HAL_GPIO_Init                                     build/stm32f7xx_hal_gpio.o
                                                  build/stm32f7xx_hal_rcc.o
                                                  build/stm32f7xx_hal_msp.o
                                                  build/main.o
HAL_GPIO_LockPin                                  build/stm32f7xx_hal_gpio.o
HAL_GPIO_ReadPin                                  build/stm32f7xx_hal_gpio.o
HAL_GPIO_TogglePin                                build/stm32f7xx_hal_gpio.o
                                                  build/main.o
HAL_GPIO_WritePin                                 build/stm32f7xx_hal_gpio.o
                                                  build/main.o
HAL_GetDEVID                                      build/stm32f7xx_hal.o
HAL_GetHalVersion                                 build/stm32f7xx_hal.o
HAL_GetREVID                                      build/stm32f7xx_hal.o
HAL_GetTick                                       build/stm32f7xx_hal.o
                                                  build/stm32f7xx_hal_uart.o
                                                  build/stm32f7xx_hal_pwr_ex.o
                                                  build/stm32f7xx_hal_dma.o
                                                  build/stm32f7xx_hal_flash.o
                                                  build/stm32f7xx_hal_rcc_ex.o
                                                  build/stm32f7xx_hal_rcc.o
                                                  build/stm32f7xx_hal_i2c.o
HAL_GetTickFreq                                   build/stm32f7xx_hal.o
HAL_GetTickPrio                                   build/stm32f7xx_hal.o
HAL_GetUIDw0                                      build/stm32f7xx_hal.o
HAL_GetUIDw1                                      build/stm32f7xx_hal.o
HAL_GetUIDw2                                      build/stm32f7xx_hal.o
HAL_HalfDuplex_EnableReceiver                     build/stm32f7xx_hal_uart.o
HAL_HalfDuplex_EnableTransmitter                  build/stm32f7xx_hal_uart.o
HAL_HalfDuplex_Init                               build/stm32f7xx_hal_uart.o
HAL_I2CEx_ConfigAnalogFilter                      build/stm32f7xx_hal_i2c_ex.o
                                                  build/main.o
HAL_I2CEx_ConfigDigitalFilter                     build/stm32f7xx_hal_i2c_ex.o
                                                  build/main.o
HAL_I2CEx_DisableFastModePlus                     build/stm32f7xx_hal_i2c_ex.o
HAL_I2CEx_EnableFastModePlus                      build/stm32f7xx_hal_i2c_ex.o
HAL_I2C_AbortCpltCallback                         build/stm32f7xx_hal_i2c.o
HAL_I2C_AddrCallback                              build/stm32f7xx_hal_i2c.o
HAL_I2C_DeInit                                    build/stm32f7xx_hal_i2c.o
HAL_I2C_DisableListen_IT                          build/stm32f7xx_hal_i2c.o
HAL_I2C_ER_IRQHandler                             build/stm32f7xx_hal_i2c.o
HAL_I2C_EV_IRQHandler                             build/stm32f7xx_hal_i2c.o
HAL_I2C_EnableListen_IT                           build/stm32f7xx_hal_i2c.o
HAL_I2C_ErrorCallback                             build/stm32f7xx_hal_i2c.o
HAL_I2C_GetError                                  build/stm32f7xx_hal_i2c.o
HAL_I2C_GetMode                                   build/stm32f7xx_hal_i2c.o
HAL_I2C_GetState                                  build/stm32f7xx_hal_i2c.o
HAL_I2C_Init                                      build/stm32f7xx_hal_i2c.o
                                                  build/main.o
HAL_I2C_IsDeviceReady                             build/stm32f7xx_hal_i2c.o
HAL_I2C_ListenCpltCallback                        build/stm32f7xx_hal_i2c.o
HAL_I2C_MasterRxCpltCallback                      build/stm32f7xx_hal_i2c.o
HAL_I2C_MasterTxCpltCallback                      build/stm32f7xx_hal_i2c.o
HAL_I2C_Master_Abort_IT                           build/stm32f7xx_hal_i2c.o
HAL_I2C_Master_Receive                            build/stm32f7xx_hal_i2c.o
HAL_I2C_Master_Receive_DMA                        build/stm32f7xx_hal_i2c.o
HAL_I2C_Master_Receive_IT                         build/stm32f7xx_hal_i2c.o
HAL_I2C_Master_Seq_Receive_DMA                    build/stm32f7xx_hal_i2c.o
HAL_I2C_Master_Seq_Receive_IT                     build/stm32f7xx_hal_i2c.o
HAL_I2C_Master_Seq_Transmit_DMA                   build/stm32f7xx_hal_i2c.o
HAL_I2C_Master_Seq_Transmit_IT                    build/stm32f7xx_hal_i2c.o
HAL_I2C_Master_Transmit                           build/stm32f7xx_hal_i2c.o
HAL_I2C_Master_Transmit_DMA                       build/stm32f7xx_hal_i2c.o
HAL_I2C_Master_Transmit_IT                        build/stm32f7xx_hal_i2c.o
HAL_I2C_MemRxCpltCallback                         build/stm32f7xx_hal_i2c.o
HAL_I2C_MemTxCpltCallback                         build/stm32f7xx_hal_i2c.o
HAL_I2C_Mem_Read                                  build/stm32f7xx_hal_i2c.o
HAL_I2C_Mem_Read_DMA                              build/stm32f7xx_hal_i2c.o
HAL_I2C_Mem_Read_IT                               build/stm32f7xx_hal_i2c.o
HAL_I2C_Mem_Write                                 build/stm32f7xx_hal_i2c.o
HAL_I2C_Mem_Write_DMA                             build/stm32f7xx_hal_i2c.o
HAL_I2C_Mem_Write_IT                              build/stm32f7xx_hal_i2c.o
HAL_I2C_MspDeInit                                 build/stm32f7xx_hal_msp.o
HAL_I2C_MspInit                                   build/stm32f7xx_hal_msp.o
HAL_I2C_SlaveRxCpltCallback                       build/stm32f7xx_hal_i2c.o
HAL_I2C_SlaveTxCpltCallback                       build/stm32f7xx_hal_i2c.o
HAL_I2C_Slave_Receive                             build/stm32f7xx_hal_i2c.o
HAL_I2C_Slave_Receive_DMA                         build/stm32f7xx_hal_i2c.o
HAL_I2C_Slave_Receive_IT                          build/stm32f7xx_hal_i2c.o
HAL_I2C_Slave_Seq_Receive_DMA                     build/stm32f7xx_hal_i2c.o
HAL_I2C_Slave_Seq_Receive_IT                      build/stm32f7xx_hal_i2c.o
HAL_I2C_Slave_Seq_Transmit_DMA                    build/stm32f7xx_hal_i2c.o
HAL_I2C_Slave_Seq_Transmit_IT                     build/stm32f7xx_hal_i2c.o
HAL_I2C_Slave_Transmit                            build/stm32f7xx_hal_i2c.o
HAL_I2C_Slave_Transmit_DMA                        build/stm32f7xx_hal_i2c.o
HAL_I2C_Slave_Transmit_IT                         build/stm32f7xx_hal_i2c.o
HAL_IncTick                                       build/stm32f7xx_hal.o
                                                  build/stm32f7xx_it.o
HAL_Init                                          build/stm32f7xx_hal.o
                                                  build/main.o
HAL_InitTick                                      build/stm32f7xx_hal.o
                                                  build/stm32f7xx_hal_rcc.o
HAL_LIN_Init                                      build/stm32f7xx_hal_uart.o
HAL_LIN_SendBreak                                 build/stm32f7xx_hal_uart.o
HAL_MPU_ConfigRegion                              build/stm32f7xx_hal_cortex.o
HAL_MPU_Disable                                   build/stm32f7xx_hal_cortex.o
HAL_MPU_Enable                                    build/stm32f7xx_hal_cortex.o
HAL_MspDeInit                                     build/stm32f7xx_hal.o
HAL_MspInit                                       build/stm32f7xx_hal_msp.o
HAL_MultiProcessorEx_AddressLength_Set            build/stm32f7xx_hal_uart_ex.o
HAL_MultiProcessor_DisableMuteMode                build/stm32f7xx_hal_uart.o
HAL_MultiProcessor_EnableMuteMode                 build/stm32f7xx_hal_uart.o
HAL_MultiProcessor_EnterMuteMode                  build/stm32f7xx_hal_uart.o
HAL_MultiProcessor_Init                           build/stm32f7xx_hal_uart.o
HAL_NVIC_ClearPendingIRQ                          build/stm32f7xx_hal_cortex.o
HAL_NVIC_DisableIRQ                               build/stm32f7xx_hal_cortex.o
                                                  build/stm32f7xx_hal_msp.o
HAL_NVIC_EnableIRQ                                build/stm32f7xx_hal_cortex.o
                                                  build/stm32f7xx_hal_msp.o
                                                  build/main.o
HAL_NVIC_GetActive                                build/stm32f7xx_hal_cortex.o
HAL_NVIC_GetPendingIRQ                            build/stm32f7xx_hal_cortex.o
HAL_NVIC_GetPriority                              build/stm32f7xx_hal_cortex.o
HAL_NVIC_GetPriorityGrouping                      build/stm32f7xx_hal_cortex.o
HAL_NVIC_SetPendingIRQ                            build/stm32f7xx_hal_cortex.o
HAL_NVIC_SetPriority                              build/stm32f7xx_hal_cortex.o
                                                  build/stm32f7xx_hal.o
                                                  build/stm32f7xx_hal_msp.o
                                                  build/main.o
HAL_NVIC_SetPriorityGrouping                      build/stm32f7xx_hal_cortex.o
                                                  build/stm32f7xx_hal.o
HAL_NVIC_SystemReset                              build/stm32f7xx_hal_cortex.o
HAL_PWREx_ControlVoltageScaling                   build/stm32f7xx_hal_pwr_ex.o
HAL_PWREx_DisableBkUpReg                          build/stm32f7xx_hal_pwr_ex.o
HAL_PWREx_DisableFlashPowerDown                   build/stm32f7xx_hal_pwr_ex.o
HAL_PWREx_DisableLowRegulatorLowVoltage           build/stm32f7xx_hal_pwr_ex.o
HAL_PWREx_DisableMainRegulatorLowVoltage          build/stm32f7xx_hal_pwr_ex.o
HAL_PWREx_DisableOverDrive                        build/stm32f7xx_hal_pwr_ex.o
HAL_PWREx_EnableBkUpReg                           build/stm32f7xx_hal_pwr_ex.o
HAL_PWREx_EnableFlashPowerDown                    build/stm32f7xx_hal_pwr_ex.o
HAL_PWREx_EnableLowRegulatorLowVoltage            build/stm32f7xx_hal_pwr_ex.o
HAL_PWREx_EnableMainRegulatorLowVoltage           build/stm32f7xx_hal_pwr_ex.o
HAL_PWREx_EnableOverDrive                         build/stm32f7xx_hal_pwr_ex.o
                                                  build/main.o
HAL_PWREx_EnterUnderDriveSTOPMode                 build/stm32f7xx_hal_pwr_ex.o
HAL_PWREx_GetVoltageRange                         build/stm32f7xx_hal_pwr_ex.o
HAL_PWR_ConfigPVD                                 build/stm32f7xx_hal_pwr.o
HAL_PWR_DeInit                                    build/stm32f7xx_hal_pwr.o
HAL_PWR_DisableBkUpAccess                         build/stm32f7xx_hal_pwr.o
HAL_PWR_DisablePVD                                build/stm32f7xx_hal_pwr.o
HAL_PWR_DisableSEVOnPend                          build/stm32f7xx_hal_pwr.o
HAL_PWR_DisableSleepOnExit                        build/stm32f7xx_hal_pwr.o
HAL_PWR_DisableWakeUpPin                          build/stm32f7xx_hal_pwr.o
HAL_PWR_EnableBkUpAccess                          build/stm32f7xx_hal_pwr.o
HAL_PWR_EnablePVD                                 build/stm32f7xx_hal_pwr.o
HAL_PWR_EnableSEVOnPend                           build/stm32f7xx_hal_pwr.o
HAL_PWR_EnableSleepOnExit                         build/stm32f7xx_hal_pwr.o
HAL_PWR_EnableWakeUpPin                           build/stm32f7xx_hal_pwr.o
HAL_PWR_EnterSLEEPMode                            build/stm32f7xx_hal_pwr.o
HAL_PWR_EnterSTANDBYMode                          build/stm32f7xx_hal_pwr.o
HAL_PWR_EnterSTOPMode                             build/stm32f7xx_hal_pwr.o
HAL_PWR_PVDCallback                               build/stm32f7xx_hal_pwr.o
HAL_PWR_PVD_IRQHandler                            build/stm32f7xx_hal_pwr.o
HAL_RCCEx_DisablePLLI2S                           build/stm32f7xx_hal_rcc_ex.o
HAL_RCCEx_DisablePLLSAI                           build/stm32f7xx_hal_rcc_ex.o
HAL_RCCEx_EnablePLLI2S                            build/stm32f7xx_hal_rcc_ex.o
HAL_RCCEx_EnablePLLSAI                            build/stm32f7xx_hal_rcc_ex.o
HAL_RCCEx_GetPeriphCLKConfig                      build/stm32f7xx_hal_rcc_ex.o
HAL_RCCEx_GetPeriphCLKFreq                        build/stm32f7xx_hal_rcc_ex.o
HAL_RCCEx_PeriphCLKConfig                         build/stm32f7xx_hal_rcc_ex.o
                                                  build/main.o
HAL_RCC_CSSCallback                               build/stm32f7xx_hal_rcc.o
HAL_RCC_ClockConfig                               build/stm32f7xx_hal_rcc.o
                                                  build/main.o
HAL_RCC_DeInit                                    build/stm32f7xx_hal_rcc.o
HAL_RCC_DisableCSS                                build/stm32f7xx_hal_rcc.o
HAL_RCC_EnableCSS                                 build/stm32f7xx_hal_rcc.o
HAL_RCC_GetClockConfig                            build/stm32f7xx_hal_rcc.o
HAL_RCC_GetHCLKFreq                               build/stm32f7xx_hal_rcc.o
HAL_RCC_GetOscConfig                              build/stm32f7xx_hal_rcc.o
HAL_RCC_GetPCLK1Freq                              build/stm32f7xx_hal_rcc.o
                                                  build/stm32f7xx_hal_uart.o
HAL_RCC_GetPCLK2Freq                              build/stm32f7xx_hal_rcc.o
                                                  build/stm32f7xx_hal_uart.o
HAL_RCC_GetSysClockFreq                           build/stm32f7xx_hal_rcc.o
                                                  build/stm32f7xx_hal_uart.o
HAL_RCC_MCOConfig                                 build/stm32f7xx_hal_rcc.o
HAL_RCC_NMI_IRQHandler                            build/stm32f7xx_hal_rcc.o
HAL_RCC_OscConfig                                 build/stm32f7xx_hal_rcc.o
                                                  build/main.o
HAL_RS485Ex_Init                                  build/stm32f7xx_hal_uart_ex.o
HAL_ResumeTick                                    build/stm32f7xx_hal.o
HAL_SYSTICK_CLKSourceConfig                       build/stm32f7xx_hal_cortex.o
HAL_SYSTICK_Callback                              build/stm32f7xx_hal_cortex.o
HAL_SYSTICK_Config                                build/stm32f7xx_hal_cortex.o
                                                  build/stm32f7xx_hal.o
HAL_SYSTICK_IRQHandler                            build/stm32f7xx_hal_cortex.o
HAL_SetTickFreq                                   build/stm32f7xx_hal.o
HAL_SuspendTick                                   build/stm32f7xx_hal.o
HAL_TIMEx_Break2Callback                          build/stm32f7xx_hal_tim_ex.o
                                                  build/stm32f7xx_hal_tim.o
HAL_TIMEx_BreakCallback                           build/stm32f7xx_hal_tim_ex.o
                                                  build/stm32f7xx_hal_tim.o
HAL_TIMEx_CommutCallback                          build/stm32f7xx_hal_tim_ex.o
                                                  build/stm32f7xx_hal_tim.o
HAL_TIMEx_CommutHalfCpltCallback                  build/stm32f7xx_hal_tim_ex.o
HAL_TIMEx_ConfigBreakDeadTime                     build/stm32f7xx_hal_tim_ex.o
HAL_TIMEx_ConfigBreakInput                        build/stm32f7xx_hal_tim_ex.o
HAL_TIMEx_ConfigCommutEvent                       build/stm32f7xx_hal_tim_ex.o
HAL_TIMEx_ConfigCommutEvent_DMA                   build/stm32f7xx_hal_tim_ex.o
HAL_TIMEx_ConfigCommutEvent_IT                    build/stm32f7xx_hal_tim_ex.o
HAL_TIMEx_GroupChannel5                           build/stm32f7xx_hal_tim_ex.o
HAL_TIMEx_HallSensor_DeInit                       build/stm32f7xx_hal_tim_ex.o
HAL_TIMEx_HallSensor_GetState                     build/stm32f7xx_hal_tim_ex.o
HAL_TIMEx_HallSensor_Init                         build/stm32f7xx_hal_tim_ex.o
HAL_TIMEx_HallSensor_MspDeInit                    build/stm32f7xx_hal_tim_ex.o
HAL_TIMEx_HallSensor_MspInit                      build/stm32f7xx_hal_tim_ex.o
HAL_TIMEx_HallSensor_Start                        build/stm32f7xx_hal_tim_ex.o
HAL_TIMEx_HallSensor_Start_DMA                    build/stm32f7xx_hal_tim_ex.o
HAL_TIMEx_HallSensor_Start_IT                     build/stm32f7xx_hal_tim_ex.o
HAL_TIMEx_HallSensor_Stop                         build/stm32f7xx_hal_tim_ex.o
HAL_TIMEx_HallSensor_Stop_DMA                     build/stm32f7xx_hal_tim_ex.o
HAL_TIMEx_HallSensor_Stop_IT                      build/stm32f7xx_hal_tim_ex.o
HAL_TIMEx_MasterConfigSynchronization             build/stm32f7xx_hal_tim_ex.o
                                                  build/main.o
HAL_TIMEx_OCN_Start                               build/stm32f7xx_hal_tim_ex.o
HAL_TIMEx_OCN_Start_DMA                           build/stm32f7xx_hal_tim_ex.o
HAL_TIMEx_OCN_Start_IT                            build/stm32f7xx_hal_tim_ex.o
HAL_TIMEx_OCN_Stop                                build/stm32f7xx_hal_tim_ex.o
HAL_TIMEx_OCN_Stop_DMA                            build/stm32f7xx_hal_tim_ex.o
HAL_TIMEx_OCN_Stop_IT                             build/stm32f7xx_hal_tim_ex.o
HAL_TIMEx_OnePulseN_Start                         build/stm32f7xx_hal_tim_ex.o
HAL_TIMEx_OnePulseN_Start_IT                      build/stm32f7xx_hal_tim_ex.o
HAL_TIMEx_OnePulseN_Stop                          build/stm32f7xx_hal_tim_ex.o
HAL_TIMEx_OnePulseN_Stop_IT                       build/stm32f7xx_hal_tim_ex.o
HAL_TIMEx_PWMN_Start                              build/stm32f7xx_hal_tim_ex.o
HAL_TIMEx_PWMN_Start_DMA                          build/stm32f7xx_hal_tim_ex.o
HAL_TIMEx_PWMN_Start_IT                           build/stm32f7xx_hal_tim_ex.o
HAL_TIMEx_PWMN_Stop                               build/stm32f7xx_hal_tim_ex.o
HAL_TIMEx_PWMN_Stop_DMA                           build/stm32f7xx_hal_tim_ex.o
HAL_TIMEx_PWMN_Stop_IT                            build/stm32f7xx_hal_tim_ex.o
HAL_TIMEx_RemapConfig                             build/stm32f7xx_hal_tim_ex.o
HAL_TIM_Base_DeInit                               build/stm32f7xx_hal_tim.o
HAL_TIM_Base_GetState                             build/stm32f7xx_hal_tim.o
HAL_TIM_Base_Init                                 build/stm32f7xx_hal_tim.o
                                                  build/main.o
HAL_TIM_Base_MspDeInit                            build/stm32f7xx_hal_msp.o
HAL_TIM_Base_MspInit                              build/stm32f7xx_hal_msp.o
HAL_TIM_Base_Start                                build/stm32f7xx_hal_tim.o
HAL_TIM_Base_Start_DMA                            build/stm32f7xx_hal_tim.o
HAL_TIM_Base_Start_IT                             build/stm32f7xx_hal_tim.o
                                                  build/main.o
HAL_TIM_Base_Stop                                 build/stm32f7xx_hal_tim.o
HAL_TIM_Base_Stop_DMA                             build/stm32f7xx_hal_tim.o
HAL_TIM_Base_Stop_IT                              build/stm32f7xx_hal_tim.o
HAL_TIM_ConfigClockSource                         build/stm32f7xx_hal_tim.o
                                                  build/main.o
HAL_TIM_ConfigOCrefClear                          build/stm32f7xx_hal_tim.o
HAL_TIM_ConfigTI1Input                            build/stm32f7xx_hal_tim.o
HAL_TIM_DMABurst_ReadStart                        build/stm32f7xx_hal_tim.o
HAL_TIM_DMABurst_ReadStop                         build/stm32f7xx_hal_tim.o